Archive member included to satisfy reference by file (symbol)

/opt/st/stm32cubeide_1.16.0/plugins/com.st.stm32cube.ide.mcu.externaltools.gnu-tools-for-stm32.12.3.rel1.linux64_1.0.200.202406132123/tools/bin/../lib/gcc/arm-none-eabi/12.3.1/../../../../arm-none-eabi/lib/thumb/v7e-m+fp/hard/libc_nano.a(libc_a-exit.o)
                              /opt/st/stm32cubeide_1.16.0/plugins/com.st.stm32cube.ide.mcu.externaltools.gnu-tools-for-stm32.12.3.rel1.linux64_1.0.200.202406132123/tools/bin/../lib/gcc/arm-none-eabi/12.3.1/../../../../arm-none-eabi/lib/thumb/v7e-m+fp/hard/crt0.o (exit)
/opt/st/stm32cubeide_1.16.0/plugins/com.st.stm32cube.ide.mcu.externaltools.gnu-tools-for-stm32.12.3.rel1.linux64_1.0.200.202406132123/tools/bin/../lib/gcc/arm-none-eabi/12.3.1/../../../../arm-none-eabi/lib/thumb/v7e-m+fp/hard/libc_nano.a(libc_a-findfp.o)
                              ./Middlewares/Third_Party/FreeRTOS/Source/tasks.o (__sf)
/opt/st/stm32cubeide_1.16.0/plugins/com.st.stm32cube.ide.mcu.externaltools.gnu-tools-for-stm32.12.3.rel1.linux64_1.0.200.202406132123/tools/bin/../lib/gcc/arm-none-eabi/12.3.1/../../../../arm-none-eabi/lib/thumb/v7e-m+fp/hard/libc_nano.a(libc_a-fwalk.o)
                              /opt/st/stm32cubeide_1.16.0/plugins/com.st.stm32cube.ide.mcu.externaltools.gnu-tools-for-stm32.12.3.rel1.linux64_1.0.200.202406132123/tools/bin/../lib/gcc/arm-none-eabi/12.3.1/../../../../arm-none-eabi/lib/thumb/v7e-m+fp/hard/libc_nano.a(libc_a-findfp.o) (_fwalk_sglue)
/opt/st/stm32cubeide_1.16.0/plugins/com.st.stm32cube.ide.mcu.externaltools.gnu-tools-for-stm32.12.3.rel1.linux64_1.0.200.202406132123/tools/bin/../lib/gcc/arm-none-eabi/12.3.1/../../../../arm-none-eabi/lib/thumb/v7e-m+fp/hard/libc_nano.a(libc_a-stdio.o)
                              /opt/st/stm32cubeide_1.16.0/plugins/com.st.stm32cube.ide.mcu.externaltools.gnu-tools-for-stm32.12.3.rel1.linux64_1.0.200.202406132123/tools/bin/../lib/gcc/arm-none-eabi/12.3.1/../../../../arm-none-eabi/lib/thumb/v7e-m+fp/hard/libc_nano.a(libc_a-findfp.o) (__sread)
/opt/st/stm32cubeide_1.16.0/plugins/com.st.stm32cube.ide.mcu.externaltools.gnu-tools-for-stm32.12.3.rel1.linux64_1.0.200.202406132123/tools/bin/../lib/gcc/arm-none-eabi/12.3.1/../../../../arm-none-eabi/lib/thumb/v7e-m+fp/hard/libc_nano.a(libc_a-memset.o)
                              /opt/st/stm32cubeide_1.16.0/plugins/com.st.stm32cube.ide.mcu.externaltools.gnu-tools-for-stm32.12.3.rel1.linux64_1.0.200.202406132123/tools/bin/../lib/gcc/arm-none-eabi/12.3.1/../../../../arm-none-eabi/lib/thumb/v7e-m+fp/hard/crt0.o (memset)
/opt/st/stm32cubeide_1.16.0/plugins/com.st.stm32cube.ide.mcu.externaltools.gnu-tools-for-stm32.12.3.rel1.linux64_1.0.200.202406132123/tools/bin/../lib/gcc/arm-none-eabi/12.3.1/../../../../arm-none-eabi/lib/thumb/v7e-m+fp/hard/libc_nano.a(libc_a-closer.o)
                              /opt/st/stm32cubeide_1.16.0/plugins/com.st.stm32cube.ide.mcu.externaltools.gnu-tools-for-stm32.12.3.rel1.linux64_1.0.200.202406132123/tools/bin/../lib/gcc/arm-none-eabi/12.3.1/../../../../arm-none-eabi/lib/thumb/v7e-m+fp/hard/libc_nano.a(libc_a-stdio.o) (_close_r)
/opt/st/stm32cubeide_1.16.0/plugins/com.st.stm32cube.ide.mcu.externaltools.gnu-tools-for-stm32.12.3.rel1.linux64_1.0.200.202406132123/tools/bin/../lib/gcc/arm-none-eabi/12.3.1/../../../../arm-none-eabi/lib/thumb/v7e-m+fp/hard/libc_nano.a(libc_a-reent.o)
                              ./Middlewares/Third_Party/FreeRTOS/Source/tasks.o (_reclaim_reent)
/opt/st/stm32cubeide_1.16.0/plugins/com.st.stm32cube.ide.mcu.externaltools.gnu-tools-for-stm32.12.3.rel1.linux64_1.0.200.202406132123/tools/bin/../lib/gcc/arm-none-eabi/12.3.1/../../../../arm-none-eabi/lib/thumb/v7e-m+fp/hard/libc_nano.a(libc_a-impure.o)
                              ./Middlewares/Third_Party/FreeRTOS/Source/tasks.o (_impure_ptr)
/opt/st/stm32cubeide_1.16.0/plugins/com.st.stm32cube.ide.mcu.externaltools.gnu-tools-for-stm32.12.3.rel1.linux64_1.0.200.202406132123/tools/bin/../lib/gcc/arm-none-eabi/12.3.1/../../../../arm-none-eabi/lib/thumb/v7e-m+fp/hard/libc_nano.a(libc_a-lseekr.o)
                              /opt/st/stm32cubeide_1.16.0/plugins/com.st.stm32cube.ide.mcu.externaltools.gnu-tools-for-stm32.12.3.rel1.linux64_1.0.200.202406132123/tools/bin/../lib/gcc/arm-none-eabi/12.3.1/../../../../arm-none-eabi/lib/thumb/v7e-m+fp/hard/libc_nano.a(libc_a-stdio.o) (_lseek_r)
/opt/st/stm32cubeide_1.16.0/plugins/com.st.stm32cube.ide.mcu.externaltools.gnu-tools-for-stm32.12.3.rel1.linux64_1.0.200.202406132123/tools/bin/../lib/gcc/arm-none-eabi/12.3.1/../../../../arm-none-eabi/lib/thumb/v7e-m+fp/hard/libc_nano.a(libc_a-readr.o)
                              /opt/st/stm32cubeide_1.16.0/plugins/com.st.stm32cube.ide.mcu.externaltools.gnu-tools-for-stm32.12.3.rel1.linux64_1.0.200.202406132123/tools/bin/../lib/gcc/arm-none-eabi/12.3.1/../../../../arm-none-eabi/lib/thumb/v7e-m+fp/hard/libc_nano.a(libc_a-stdio.o) (_read_r)
[...]
Memory Configuration

Name             Origin             Length             Attributes
RAM              0x20000000         0x00050000         xrw
FLASH            0x08000000         0x00100000         xr
*default*        0x00000000         0xffffffff

Linker script and memory map

LOAD /opt/st/stm32cubeide_1.16.0/plugins/com.st.stm32cube.ide.mcu.externaltools.gnu-tools-for-stm32.12.3.rel1.linux64_1.0.200.202406132123/tools/bin/../lib/gcc/arm-none-eabi/12.3.1/thumb/v7e-m+fp/hard/crti.o
LOAD /opt/st/stm32cubeide_1.16.0/plugins/com.st.stm32cube.ide.mcu.externaltools.gnu-tools-for-stm32.12.3.rel1.linux64_1.0.200.202406132123/tools/bin/../lib/gcc/arm-none-eabi/12.3.1/thumb/v7e-m+fp/hard/crtbegin.o
LOAD /opt/st/stm32cubeide_1.16.0/plugins/com.st.stm32cube.ide.mcu.externaltools.gnu-tools-for-stm32.12.3.rel1.linux64_1.0.200.202406132123/tools/bin/../lib/gcc/arm-none-eabi/12.3.1/../../../../arm-none-eabi/lib/thumb/v7e-m+fp/hard/crt0.o
LOAD ./Core/Src/freertos.o
LOAD ./Core/Src/main.o
LOAD ./Core/Src/stm32f7xx_hal_msp.o
LOAD ./Core/Src/stm32f7xx_it.o
LOAD ./Core/Src/syscalls.o
LOAD ./Core/Src/sysmem.o
LOAD ./Core/Src/system_stm32f7xx.o
LOAD ./Core/Startup/startup_stm32f746zgtx.o
LOAD ./Drivers/STM32F7xx_HAL_Driver/Src/stm32f7xx_hal.o
LOAD ./Drivers/STM32F7xx_HAL_Driver/Src/stm32f7xx_hal_cortex.o
LOAD ./Drivers/STM32F7xx_HAL_Driver/Src/stm32f7xx_hal_dma.o
LOAD ./Drivers/STM32F7xx_HAL_Driver/Src/stm32f7xx_hal_dma_ex.o
LOAD ./Drivers/STM32F7xx_HAL_Driver/Src/stm32f7xx_hal_exti.o
LOAD ./Drivers/STM32F7xx_HAL_Driver/Src/stm32f7xx_hal_flash.o
LOAD ./Drivers/STM32F7xx_HAL_Driver/Src/stm32f7xx_hal_flash_ex.o
LOAD ./Drivers/STM32F7xx_HAL_Driver/Src/stm32f7xx_hal_gpio.o
LOAD ./Drivers/STM32F7xx_HAL_Driver/Src/stm32f7xx_hal_i2c.o
LOAD ./Drivers/STM32F7xx_HAL_Driver/Src/stm32f7xx_hal_i2c_ex.o
LOAD ./Drivers/STM32F7xx_HAL_Driver/Src/stm32f7xx_hal_pwr.o
LOAD ./Drivers/STM32F7xx_HAL_Driver/Src/stm32f7xx_hal_pwr_ex.o
LOAD ./Drivers/STM32F7xx_HAL_Driver/Src/stm32f7xx_hal_rcc.o
LOAD ./Drivers/STM32F7xx_HAL_Driver/Src/stm32f7xx_hal_rcc_ex.o
LOAD ./Drivers/STM32F7xx_HAL_Driver/Src/stm32f7xx_hal_spi.o
LOAD ./Drivers/STM32F7xx_HAL_Driver/Src/stm32f7xx_hal_spi_ex.o
LOAD ./Drivers/STM32F7xx_HAL_Driver/Src/stm32f7xx_hal_tim.o
LOAD ./Drivers/STM32F7xx_HAL_Driver/Src/stm32f7xx_hal_tim_ex.o
LOAD ./Middlewares/Third_Party/FreeRTOS/Source/CMSIS_RTOS/cmsis_os.o
LOAD ./Middlewares/Third_Party/FreeRTOS/Source/croutine.o
LOAD ./Middlewares/Third_Party/FreeRTOS/Source/event_groups.o
LOAD ./Middlewares/Third_Party/FreeRTOS/Source/list.o
LOAD ./Middlewares/Third_Party/FreeRTOS/Source/queue.o
LOAD ./Middlewares/Third_Party/FreeRTOS/Source/stream_buffer.o
LOAD ./Middlewares/Third_Party/FreeRTOS/Source/tasks.o
LOAD ./Middlewares/Third_Party/FreeRTOS/Source/timers.o
LOAD ./Middlewares/Third_Party/FreeRTOS/Source/portable/GCC/ARM_CM7/r0p1/port.o
LOAD ./Middlewares/Third_Party/FreeRTOS/Source/portable/MemMang/heap_4.o
START GROUP
LOAD /opt/st/stm32cubeide_1.16.0/plugins/com.st.stm32cube.ide.mcu.externaltools.gnu-tools-for-stm32.12.3.rel1.linux64_1.0.200.202406132123/tools/bin/../lib/gcc/arm-none-eabi/12.3.1/../../../../arm-none-eabi/lib/thumb/v7e-m+fp/hard/libc_nano.a
LOAD /opt/st/stm32cubeide_1.16.0/plugins/com.st.stm32cube.ide.mcu.externaltools.gnu-tools-for-stm32.12.3.rel1.linux64_1.0.200.202406132123/tools/bin/../lib/gcc/arm-none-eabi/12.3.1/../../../../arm-none-eabi/lib/thumb/v7e-m+fp/hard/libm.a
END GROUP
START GROUP
LOAD /opt/st/stm32cubeide_1.16.0/plugins/com.st.stm32cube.ide.mcu.externaltools.gnu-tools-for-stm32.12.3.rel1.linux64_1.0.200.202406132123/tools/bin/../lib/gcc/arm-none-eabi/12.3.1/thumb/v7e-m+fp/hard/libgcc.a
LOAD /opt/st/stm32cubeide_1.16.0/plugins/com.st.stm32cube.ide.mcu.externaltools.gnu-tools-for-stm32.12.3.rel1.linux64_1.0.200.202406132123/tools/bin/../lib/gcc/arm-none-eabi/12.3.1/../../../../arm-none-eabi/lib/thumb/v7e-m+fp/hard/libc_nano.a
END GROUP
START GROUP
LOAD /opt/st/stm32cubeide_1.16.0/plugins/com.st.stm32cube.ide.mcu.externaltools.gnu-tools-for-stm32.12.3.rel1.linux64_1.0.200.202406132123/tools/bin/../lib/gcc/arm-none-eabi/12.3.1/thumb/v7e-m+fp/hard/libgcc.a
LOAD /opt/st/stm32cubeide_1.16.0/plugins/com.st.stm32cube.ide.mcu.externaltools.gnu-tools-for-stm32.12.3.rel1.linux64_1.0.200.202406132123/tools/bin/../lib/gcc/arm-none-eabi/12.3.1/../../../../arm-none-eabi/lib/thumb/v7e-m+fp/hard/libc_nano.a
LOAD /opt/st/stm32cubeide_1.16.0/plugins/com.st.stm32cube.ide.mcu.externaltools.gnu-tools-for-stm32.12.3.rel1.linux64_1.0.200.202406132123/tools/bin/../lib/gcc/arm-none-eabi/12.3.1/../../../../arm-none-eabi/lib/thumb/v7e-m+fp/hard/libnosys.a
END GROUP
START GROUP
LOAD /opt/st/stm32cubeide_1.16.0/plugins/com.st.stm32cube.ide.mcu.externaltools.gnu-tools-for-stm32.12.3.rel1.linux64_1.0.200.202406132123/tools/bin/../lib/gcc/arm-none-eabi/12.3.1/thumb/v7e-m+fp/hard/libgcc.a
LOAD /opt/st/stm32cubeide_1.16.0/plugins/com.st.stm32cube.ide.mcu.externaltools.gnu-tools-for-stm32.12.3.rel1.linux64_1.0.200.202406132123/tools/bin/../lib/gcc/arm-none-eabi/12.3.1/../../../../arm-none-eabi/lib/thumb/v7e-m+fp/hard/libc_nano.a
LOAD /opt/st/stm32cubeide_1.16.0/plugins/com.st.stm32cube.ide.mcu.externaltools.gnu-tools-for-stm32.12.3.rel1.linux64_1.0.200.202406132123/tools/bin/../lib/gcc/arm-none-eabi/12.3.1/../../../../arm-none-eabi/lib/thumb/v7e-m+fp/hard/libnosys.a
END GROUP
LOAD /opt/st/stm32cubeide_1.16.0/plugins/com.st.stm32cube.ide.mcu.externaltools.gnu-tools-for-stm32.12.3.rel1.linux64_1.0.200.202406132123/tools/bin/../lib/gcc/arm-none-eabi/12.3.1/thumb/v7e-m+fp/hard/crtend.o
LOAD /opt/st/stm32cubeide_1.16.0/plugins/com.st.stm32cube.ide.mcu.externaltools.gnu-tools-for-stm32.12.3.rel1.linux64_1.0.200.202406132123/tools/bin/../lib/gcc/arm-none-eabi/12.3.1/thumb/v7e-m+fp/hard/crtn.o
                0x20050000                        _estack = (ORIGIN (RAM) + LENGTH (RAM))
                0x00000200                        _Min_Heap_Size = 0x200
                0x00000400                        _Min_Stack_Size = 0x400

.isr_vector     0x08000000      0x1c8
                0x08000000                        . = ALIGN (0x4)
 *(.isr_vector)
 .isr_vector    0x08000000      0x1c8 ./Core/Startup/startup_stm32f746zgtx.o
                0x08000000                g_pfnVectors
                0x080001c8                        . = ALIGN (0x4)

.text           0x080001d0     0x400c
                0x080001d0                        . = ALIGN (0x4)
 *(.text)
 .text          0x080001d0       0x40 /opt/st/stm32cubeide_1.16.0/plugins/com.st.stm32cube.ide.mcu.externaltools.gnu-tools-for-stm32.12.3.rel1.linux64_1.0.200.202406132123/tools/bin/../lib/gcc/arm-none-eabi/12.3.1/thumb/v7e-m+fp/hard/crtbegin.o
 .text          0x08000210       0x30 /opt/st/stm32cubeide_1.16.0/plugins/com.st.stm32cube.ide.mcu.externaltools.gnu-tools-for-stm32.12.3.rel1.linux64_1.0.200.202406132123/tools/bin/../lib/gcc/arm-none-eabi/12.3.1/thumb/v7e-m+fp/hard/libgcc.a(_aeabi_uldivmod.o)
                0x08000210                __aeabi_uldivmod
 .text          0x08000240      0x2bc /opt/st/stm32cubeide_1.16.0/plugins/com.st.stm32cube.ide.mcu.externaltools.gnu-tools-for-stm32.12.3.rel1.linux64_1.0.200.202406132123/tools/bin/../lib/gcc/arm-none-eabi/12.3.1/thumb/v7e-m+fp/hard/libgcc.a(_udivmoddi4.o)
                0x08000240                __udivmoddi4
 .text          0x080004fc        0x4 /opt/st/stm32cubeide_1.16.0/plugins/com.st.stm32cube.ide.mcu.externaltools.gnu-tools-for-stm32.12.3.rel1.linux64_1.0.200.202406132123/tools/bin/../lib/gcc/arm-none-eabi/12.3.1/thumb/v7e-m+fp/hard/libgcc.a(_dvmd_tls.o)
                0x080004fc                __aeabi_ldiv0
                0x080004fc                __aeabi_idiv0
 *(.text*)
 .text.vApplicationGetIdleTaskMemory
                0x08000500       0x34 ./Core/Src/freertos.o
                0x08000500                vApplicationGetIdleTaskMemory
 .text.main     0x08000534       0x74 ./Core/Src/main.o
                0x08000534                main
 .text.SystemClock_Config
                0x080005a8       0xd8 ./Core/Src/main.o
                0x080005a8                SystemClock_Config
 .text.MX_SPI1_Init
                0x08000680       0x7c ./Core/Src/main.o
 .text.MX_TIM1_Init
                0x080006fc       0xb4 ./Core/Src/main.o
 .text.MX_TIM2_Init
                0x080007b0       0xa8 ./Core/Src/main.o
 .text.MX_TIM3_Init
                0x08000858       0xac ./Core/Src/main.o
 .text.MX_TIM4_Init
                0x08000904       0xac ./Core/Src/main.o
 .text.MX_GPIO_Init
                0x080009b0      0x23c ./Core/Src/main.o
 .text.encoderTask
                0x08000bec       0x44 ./Core/Src/main.o
                0x08000bec                encoderTask
 .text.joystickTask
                0x08000c30       0x14 ./Core/Src/main.o
                0x08000c30                joystickTask
 .text.Error_Handler
                0x08000c44        0xc ./Core/Src/main.o
                0x08000c44                Error_Handler
 .text.HAL_MspInit
                0x08000c50       0x50 ./Core/Src/stm32f7xx_hal_msp.o
                0x08000c50                HAL_MspInit
 .text.HAL_SPI_MspInit
                0x08000ca0       0xd4 ./Core/Src/stm32f7xx_hal_msp.o
                0x08000ca0                HAL_SPI_MspInit
 .text.HAL_TIM_Encoder_MspInit
                0x08000d74      0x1f0 ./Core/Src/stm32f7xx_hal_msp.o
                0x08000d74                HAL_TIM_Encoder_MspInit
 .text.NMI_Handler
                0x08000f64        0x8 ./Core/Src/stm32f7xx_it.o
                0x08000f64                NMI_Handler
 .text.HardFault_Handler
                0x08000f6c        0x8 ./Core/Src/stm32f7xx_it.o
                0x08000f6c                HardFault_Handler
 .text.MemManage_Handler
                0x08000f74        0x8 ./Core/Src/stm32f7xx_it.o
                0x08000f74                MemManage_Handler
 .text.BusFault_Handler
                0x08000f7c        0x8 ./Core/Src/stm32f7xx_it.o
                0x08000f7c                BusFault_Handler
 .text.UsageFault_Handler
                0x08000f84        0x8 ./Core/Src/stm32f7xx_it.o
                0x08000f84                UsageFault_Handler
 .text.DebugMon_Handler
                0x08000f8c        0xe ./Core/Src/stm32f7xx_it.o
                0x08000f8c                DebugMon_Handler
 .text.SysTick_Handler
                0x08000f9a       0x1a ./Core/Src/stm32f7xx_it.o
                0x08000f9a                SysTick_Handler
 .text.TIM1_CC_IRQHandler
                0x08000fb4       0x14 ./Core/Src/stm32f7xx_it.o
                0x08000fb4                TIM1_CC_IRQHandler
 .text.TIM2_IRQHandler
                0x08000fc8       0x14 ./Core/Src/stm32f7xx_it.o
                0x08000fc8                TIM2_IRQHandler
 .text.TIM3_IRQHandler
                0x08000fdc       0x14 ./Core/Src/stm32f7xx_it.o
                0x08000fdc                TIM3_IRQHandler
 .text.TIM4_IRQHandler
                0x08000ff0       0x14 ./Core/Src/stm32f7xx_it.o
                0x08000ff0                TIM4_IRQHandler
 .text.SPI1_IRQHandler
                0x08001004       0x14 ./Core/Src/stm32f7xx_it.o
                0x08001004                SPI1_IRQHandler
 .text.SystemInit
                0x08001018       0x24 ./Core/Src/system_stm32f7xx.o
                0x08001018                SystemInit
 .text.Reset_Handler
                0x0800103c       0x50 ./Core/Startup/startup_stm32f746zgtx.o
                0x0800103c                Reset_Handler
 .text.Default_Handler
                0x0800108c        0x2 ./Core/Startup/startup_stm32f746zgtx.o
                0x0800108c                RTC_Alarm_IRQHandler
                0x0800108c                EXTI2_IRQHandler
                0x0800108c                TIM8_CC_IRQHandler
                0x0800108c                UART8_IRQHandler
                0x0800108c                SPI4_IRQHandler
                0x0800108c                DMA2_Stream5_IRQHandler
                0x0800108c                DMA1_Stream5_IRQHandler
                0x0800108c                PVD_IRQHandler
                0x0800108c                TAMP_STAMP_IRQHandler
                0x0800108c                CAN2_RX1_IRQHandler
                0x0800108c                EXTI3_IRQHandler
                0x0800108c                TIM8_TRG_COM_TIM14_IRQHandler
                0x0800108c                TIM1_UP_TIM10_IRQHandler
                0x0800108c                TIM8_UP_TIM13_IRQHandler
                0x0800108c                I2C3_ER_IRQHandler
                0x0800108c                EXTI0_IRQHandler
                0x0800108c                I2C2_EV_IRQHandler
                0x0800108c                DMA1_Stream2_IRQHandler
                0x0800108c                CAN1_RX0_IRQHandler
                0x0800108c                FPU_IRQHandler
                0x0800108c                OTG_HS_WKUP_IRQHandler
                0x0800108c                LTDC_ER_IRQHandler
                0x0800108c                CAN2_SCE_IRQHandler
                0x0800108c                DMA2_Stream2_IRQHandler
                0x0800108c                TIM6_DAC_IRQHandler
                0x0800108c                TIM1_BRK_TIM9_IRQHandler
                0x0800108c                DCMI_IRQHandler
                0x0800108c                CAN2_RX0_IRQHandler
                0x0800108c                DMA2_Stream3_IRQHandler
                0x0800108c                SAI2_IRQHandler
                0x0800108c                USART6_IRQHandler
                0x0800108c                USART3_IRQHandler
                0x0800108c                CAN1_RX1_IRQHandler
                0x0800108c                UART5_IRQHandler
                0x0800108c                DMA2_Stream0_IRQHandler
                0x0800108c                QUADSPI_IRQHandler
                0x0800108c                I2C1_EV_IRQHandler
                0x0800108c                DMA1_Stream6_IRQHandler
                0x0800108c                DMA1_Stream1_IRQHandler
                0x0800108c                UART4_IRQHandler
                0x0800108c                RCC_IRQHandler
                0x0800108c                TIM8_BRK_TIM12_IRQHandler
                0x0800108c                Default_Handler
                0x0800108c                CEC_IRQHandler
                0x0800108c                EXTI15_10_IRQHandler
                0x0800108c                ADC_IRQHandler
                0x0800108c                DMA1_Stream7_IRQHandler
                0x0800108c                SPI5_IRQHandler
                0x0800108c                TIM7_IRQHandler
                0x0800108c                SDMMC1_IRQHandler
                0x0800108c                CAN2_TX_IRQHandler
                0x0800108c                TIM5_IRQHandler
                0x0800108c                DMA2_Stream7_IRQHandler
                0x0800108c                I2C3_EV_IRQHandler
                0x0800108c                EXTI9_5_IRQHandler
                0x0800108c                RTC_WKUP_IRQHandler
                0x0800108c                LTDC_IRQHandler
                0x0800108c                ETH_WKUP_IRQHandler
                0x0800108c                SPDIF_RX_IRQHandler
                0x0800108c                SPI2_IRQHandler
                0x0800108c                OTG_HS_EP1_IN_IRQHandler
                0x0800108c                DMA1_Stream0_IRQHandler
                0x0800108c                CAN1_TX_IRQHandler
                0x0800108c                EXTI4_IRQHandler
                0x0800108c                RNG_IRQHandler
                0x0800108c                ETH_IRQHandler
                0x0800108c                OTG_HS_EP1_OUT_IRQHandler
                0x0800108c                WWDG_IRQHandler
                0x0800108c                SPI6_IRQHandler
                0x0800108c                I2C4_EV_IRQHandler
                0x0800108c                OTG_FS_WKUP_IRQHandler
                0x0800108c                TIM1_TRG_COM_TIM11_IRQHandler
                0x0800108c                OTG_HS_IRQHandler
                0x0800108c                DMA2D_IRQHandler
                0x0800108c                EXTI1_IRQHandler
                0x0800108c                UART7_IRQHandler
                0x0800108c                USART2_IRQHandler
                0x0800108c                I2C2_ER_IRQHandler
                0x0800108c                DMA2_Stream1_IRQHandler
                0x0800108c                CAN1_SCE_IRQHandler
                0x0800108c                FLASH_IRQHandler
                0x0800108c                DMA2_Stream4_IRQHandler
                0x0800108c                USART1_IRQHandler
                0x0800108c                OTG_FS_IRQHandler
                0x0800108c                SPI3_IRQHandler
                0x0800108c                DMA1_Stream4_IRQHandler
                0x0800108c                I2C1_ER_IRQHandler
                0x0800108c                FMC_IRQHandler
                0x0800108c                LPTIM1_IRQHandler
                0x0800108c                I2C4_ER_IRQHandler
                0x0800108c                DMA2_Stream6_IRQHandler
                0x0800108c                SAI1_IRQHandler
                0x0800108c                DMA1_Stream3_IRQHandler
 .text.HAL_Init
                0x0800108e       0x1a ./Drivers/STM32F7xx_HAL_Driver/Src/stm32f7xx_hal.o
                0x0800108e                HAL_Init
 .text.HAL_InitTick
                0x080010a8       0x60 ./Drivers/STM32F7xx_HAL_Driver/Src/stm32f7xx_hal.o
                0x080010a8                HAL_InitTick
 .text.HAL_IncTick
                0x08001108       0x28 ./Drivers/STM32F7xx_HAL_Driver/Src/stm32f7xx_hal.o
                0x08001108                HAL_IncTick
 .text.HAL_GetTick
                0x08001130       0x18 ./Drivers/STM32F7xx_HAL_Driver/Src/stm32f7xx_hal.o
                0x08001130                HAL_GetTick
 .text.__NVIC_SetPriorityGrouping
                0x08001148       0x48 ./Drivers/STM32F7xx_HAL_Driver/Src/stm32f7xx_hal_cortex.o
 .text.__NVIC_GetPriorityGrouping
                0x08001190       0x1c ./Drivers/STM32F7xx_HAL_Driver/Src/stm32f7xx_hal_cortex.o
 .text.__NVIC_EnableIRQ
                0x080011ac       0x3c ./Drivers/STM32F7xx_HAL_Driver/Src/stm32f7xx_hal_cortex.o
 .text.__NVIC_SetPriority
                0x080011e8       0x54 ./Drivers/STM32F7xx_HAL_Driver/Src/stm32f7xx_hal_cortex.o
 .text.NVIC_EncodePriority
                0x0800123c       0x66 ./Drivers/STM32F7xx_HAL_Driver/Src/stm32f7xx_hal_cortex.o
 *fill*         0x080012a2        0x2 
 .text.SysTick_Config
                0x080012a4       0x44 ./Drivers/STM32F7xx_HAL_Driver/Src/stm32f7xx_hal_cortex.o
 .text.HAL_NVIC_SetPriorityGrouping
                0x080012e8       0x16 ./Drivers/STM32F7xx_HAL_Driver/Src/stm32f7xx_hal_cortex.o
                0x080012e8                HAL_NVIC_SetPriorityGrouping
 .text.HAL_NVIC_SetPriority
                0x080012fe       0x38 ./Drivers/STM32F7xx_HAL_Driver/Src/stm32f7xx_hal_cortex.o
                0x080012fe                HAL_NVIC_SetPriority
 .text.HAL_NVIC_EnableIRQ
                0x08001336       0x1c ./Drivers/STM32F7xx_HAL_Driver/Src/stm32f7xx_hal_cortex.o
                0x08001336                HAL_NVIC_EnableIRQ
 .text.HAL_SYSTICK_Config
                0x08001352       0x18 ./Drivers/STM32F7xx_HAL_Driver/Src/stm32f7xx_hal_cortex.o
                0x08001352                HAL_SYSTICK_Config
 .text.HAL_DMA_Abort_IT
                0x0800136a       0x44 ./Drivers/STM32F7xx_HAL_Driver/Src/stm32f7xx_hal_dma.o
                0x0800136a                HAL_DMA_Abort_IT
 *fill*         0x080013ae        0x2 
 .text.HAL_GPIO_Init
                0x080013b0      0x358 ./Drivers/STM32F7xx_HAL_Driver/Src/stm32f7xx_hal_gpio.o
                0x080013b0                HAL_GPIO_Init
 .text.HAL_GPIO_WritePin
                0x08001708       0x32 ./Drivers/STM32F7xx_HAL_Driver/Src/stm32f7xx_hal_gpio.o
                0x08001708                HAL_GPIO_WritePin
 *fill*         0x0800173a        0x2 
 .text.HAL_PWREx_EnableOverDrive
                0x0800173c       0xa0 ./Drivers/STM32F7xx_HAL_Driver/Src/stm32f7xx_hal_pwr_ex.o
                0x0800173c                HAL_PWREx_EnableOverDrive
 .text.HAL_RCC_OscConfig
                0x080017dc      0x548 ./Drivers/STM32F7xx_HAL_Driver/Src/stm32f7xx_hal_rcc.o
                0x080017dc                HAL_RCC_OscConfig
 .text.HAL_RCC_ClockConfig
                0x08001d24      0x1d8 ./Drivers/STM32F7xx_HAL_Driver/Src/stm32f7xx_hal_rcc.o
                0x08001d24                HAL_RCC_ClockConfig
 .text.HAL_RCC_GetSysClockFreq
                0x08001efc      0x20c ./Drivers/STM32F7xx_HAL_Driver/Src/stm32f7xx_hal_rcc.o
                0x08001efc                HAL_RCC_GetSysClockFreq
 .text.HAL_SPI_Init
                0x08002108      0x156 ./Drivers/STM32F7xx_HAL_Driver/Src/stm32f7xx_hal_spi.o
                0x08002108                HAL_SPI_Init
 *fill*         0x0800225e        0x2 
 .text.HAL_SPI_IRQHandler
                0x08002260      0x1e8 ./Drivers/STM32F7xx_HAL_Driver/Src/stm32f7xx_hal_spi.o
                0x08002260                HAL_SPI_IRQHandler
 .text.HAL_SPI_ErrorCallback
                0x08002448       0x14 ./Drivers/STM32F7xx_HAL_Driver/Src/stm32f7xx_hal_spi.o
                0x08002448                HAL_SPI_ErrorCallback
 .text.SPI_DMAAbortOnError
                0x0800245c       0x2a ./Drivers/STM32F7xx_HAL_Driver/Src/stm32f7xx_hal_spi.o
 *fill*         0x08002486        0x2 
 .text.HAL_TIM_Encoder_Init
                0x08002488      0x14c ./Drivers/STM32F7xx_HAL_Driver/Src/stm32f7xx_hal_tim.o
                0x08002488                HAL_TIM_Encoder_Init
 .text.HAL_TIM_IRQHandler
                0x080025d4      0x20e ./Drivers/STM32F7xx_HAL_Driver/Src/stm32f7xx_hal_tim.o
                0x080025d4                HAL_TIM_IRQHandler
 .text.HAL_TIM_PeriodElapsedCallback
                0x080027e2       0x14 ./Drivers/STM32F7xx_HAL_Driver/Src/stm32f7xx_hal_tim.o
                0x080027e2                HAL_TIM_PeriodElapsedCallback
 .text.HAL_TIM_OC_DelayElapsedCallback
                0x080027f6       0x14 ./Drivers/STM32F7xx_HAL_Driver/Src/stm32f7xx_hal_tim.o
                0x080027f6                HAL_TIM_OC_DelayElapsedCallback
 .text.HAL_TIM_IC_CaptureCallback
                0x0800280a       0x14 ./Drivers/STM32F7xx_HAL_Driver/Src/stm32f7xx_hal_tim.o
                0x0800280a                HAL_TIM_IC_CaptureCallback
 .text.HAL_TIM_PWM_PulseFinishedCallback
                0x0800281e       0x14 ./Drivers/STM32F7xx_HAL_Driver/Src/stm32f7xx_hal_tim.o
                0x0800281e                HAL_TIM_PWM_PulseFinishedCallback
 .text.HAL_TIM_TriggerCallback
                0x08002832       0x14 ./Drivers/STM32F7xx_HAL_Driver/Src/stm32f7xx_hal_tim.o
                0x08002832                HAL_TIM_TriggerCallback
 *fill*         0x08002846        0x2 
 .text.TIM_Base_SetConfig
                0x08002848      0x158 ./Drivers/STM32F7xx_HAL_Driver/Src/stm32f7xx_hal_tim.o
                0x08002848                TIM_Base_SetConfig
 .text.HAL_TIMEx_MasterConfigSynchronization
                0x080029a0      0x11c ./Drivers/STM32F7xx_HAL_Driver/Src/stm32f7xx_hal_tim_ex.o
                0x080029a0                HAL_TIMEx_MasterConfigSynchronization
 .text.HAL_TIMEx_CommutCallback
                0x08002abc       0x14 ./Drivers/STM32F7xx_HAL_Driver/Src/stm32f7xx_hal_tim_ex.o
                0x08002abc                HAL_TIMEx_CommutCallback
 .text.HAL_TIMEx_BreakCallback
                0x08002ad0       0x14 ./Drivers/STM32F7xx_HAL_Driver/Src/stm32f7xx_hal_tim_ex.o
                0x08002ad0                HAL_TIMEx_BreakCallback
 .text.HAL_TIMEx_Break2Callback
                0x08002ae4       0x14 ./Drivers/STM32F7xx_HAL_Driver/Src/stm32f7xx_hal_tim_ex.o
                0x08002ae4                HAL_TIMEx_Break2Callback
 .text.makeFreeRtosPriority
                0x08002af8       0x30 ./Middlewares/Third_Party/FreeRTOS/Source/CMSIS_RTOS/cmsis_os.o
 .text.osKernelStart
                0x08002b28        0xe ./Middlewares/Third_Party/FreeRTOS/Source/CMSIS_RTOS/cmsis_os.o
                0x08002b28                osKernelStart
 .text.osThreadCreate
                0x08002b36       0x98 ./Middlewares/Third_Party/FreeRTOS/Source/CMSIS_RTOS/cmsis_os.o
                0x08002b36                osThreadCreate
 .text.vListInitialise
                0x08002bce       0x40 ./Middlewares/Third_Party/FreeRTOS/Source/list.o
                0x08002bce                vListInitialise
 .text.vListInitialiseItem
                0x08002c0e       0x1a ./Middlewares/Third_Party/FreeRTOS/Source/list.o
                0x08002c0e                vListInitialiseItem
 .text.vListInsertEnd
                0x08002c28       0x48 ./Middlewares/Third_Party/FreeRTOS/Source/list.o
                0x08002c28                vListInsertEnd
 .text.vListInsert
                0x08002c70       0x72 ./Middlewares/Third_Party/FreeRTOS/Source/list.o
                0x08002c70                vListInsert
 .text.uxListRemove
                0x08002ce2       0x54 ./Middlewares/Third_Party/FreeRTOS/Source/list.o
                0x08002ce2                uxListRemove
 .text.xTaskCreateStatic
                0x08002d36       0xcc ./Middlewares/Third_Party/FreeRTOS/Source/tasks.o
                0x08002d36                xTaskCreateStatic
 .text.xTaskCreate
                0x08002e02       0x8a ./Middlewares/Third_Party/FreeRTOS/Source/tasks.o
                0x08002e02                xTaskCreate
 .text.prvInitialiseNewTask
                0x08002e8c      0x144 ./Middlewares/Third_Party/FreeRTOS/Source/tasks.o
 .text.prvAddNewTaskToReadyList
                0x08002fd0       0xd4 ./Middlewares/Third_Party/FreeRTOS/Source/tasks.o
 .text.vTaskDelay
                0x080030a4       0x70 ./Middlewares/Third_Party/FreeRTOS/Source/tasks.o
                0x080030a4                vTaskDelay
 .text.vTaskStartScheduler
                0x08003114       0xdc ./Middlewares/Third_Party/FreeRTOS/Source/tasks.o
                0x08003114                vTaskStartScheduler
 .text.vTaskSuspendAll
                0x080031f0       0x1c ./Middlewares/Third_Party/FreeRTOS/Source/tasks.o
                0x080031f0                vTaskSuspendAll
 .text.xTaskResumeAll
                0x0800320c      0x140 ./Middlewares/Third_Party/FreeRTOS/Source/tasks.o
                0x0800320c                xTaskResumeAll
 .text.xTaskIncrementTick
                0x0800334c      0x178 ./Middlewares/Third_Party/FreeRTOS/Source/tasks.o
                0x0800334c                xTaskIncrementTick
 .text.vTaskSwitchContext
                0x080034c4       0xcc ./Middlewares/Third_Party/FreeRTOS/Source/tasks.o
                0x080034c4                vTaskSwitchContext
 .text.prvIdleTask
                0x08003590       0x30 ./Middlewares/Third_Party/FreeRTOS/Source/tasks.o
 .text.prvInitialiseTaskLists
                0x080035c0       0x80 ./Middlewares/Third_Party/FreeRTOS/Source/tasks.o
 .text.prvCheckTasksWaitingTermination
                0x08003640       0x5c ./Middlewares/Third_Party/FreeRTOS/Source/tasks.o
 .text.prvDeleteTCB
                0x0800369c       0x6e ./Middlewares/Third_Party/FreeRTOS/Source/tasks.o
 *fill*         0x0800370a        0x2 
 .text.prvResetNextTaskUnblockTime
                0x0800370c       0x40 ./Middlewares/Third_Party/FreeRTOS/Source/tasks.o
 .text.xTaskGetSchedulerState
                0x0800374c       0x3c ./Middlewares/Third_Party/FreeRTOS/Source/tasks.o
                0x0800374c                xTaskGetSchedulerState
 .text.prvAddCurrentTaskToDelayedList
                0x08003788       0xcc ./Middlewares/Third_Party/FreeRTOS/Source/tasks.o
 .text.pxPortInitialiseStack
                0x08003854       0x68 ./Middlewares/Third_Party/FreeRTOS/Source/portable/GCC/ARM_CM7/r0p1/port.o
                0x08003854                pxPortInitialiseStack
 .text.prvTaskExitError
                0x080038bc       0x64 ./Middlewares/Third_Party/FreeRTOS/Source/portable/GCC/ARM_CM7/r0p1/port.o
 .text.SVC_Handler
                0x08003920       0x28 ./Middlewares/Third_Party/FreeRTOS/Source/portable/GCC/ARM_CM7/r0p1/port.o
                0x08003920                SVC_Handler
 .text.prvPortStartFirstTask
                0x08003948       0x28 ./Middlewares/Third_Party/FreeRTOS/Source/portable/GCC/ARM_CM7/r0p1/port.o
 .text.xPortStartScheduler
                0x08003970       0xfc ./Middlewares/Third_Party/FreeRTOS/Source/portable/GCC/ARM_CM7/r0p1/port.o
                0x08003970                xPortStartScheduler
 .text.vPortEnterCritical
                0x08003a6c       0x6c ./Middlewares/Third_Party/FreeRTOS/Source/portable/GCC/ARM_CM7/r0p1/port.o
                0x08003a6c                vPortEnterCritical
 .text.vPortExitCritical
                0x08003ad8       0x58 ./Middlewares/Third_Party/FreeRTOS/Source/portable/GCC/ARM_CM7/r0p1/port.o
                0x08003ad8                vPortExitCritical
 .text.PendSV_Handler
                0x08003b30       0x68 ./Middlewares/Third_Party/FreeRTOS/Source/portable/GCC/ARM_CM7/r0p1/port.o
                0x08003b30                PendSV_Handler
 .text.xPortSysTickHandler
                0x08003b98       0x48 ./Middlewares/Third_Party/FreeRTOS/Source/portable/GCC/ARM_CM7/r0p1/port.o
                0x08003b98                xPortSysTickHandler
 .text.vPortSetupTimerInterrupt
                0x08003be0       0x48 ./Middlewares/Third_Party/FreeRTOS/Source/portable/GCC/ARM_CM7/r0p1/port.o
                0x08003be0                vPortSetupTimerInterrupt
 .text.vPortEnableVFP
                0x08003c28       0x14 ./Middlewares/Third_Party/FreeRTOS/Source/portable/GCC/ARM_CM7/r0p1/port.o
 .text.pvPortMalloc
                0x08003c3c      0x19c ./Middlewares/Third_Party/FreeRTOS/Source/portable/MemMang/heap_4.o
                0x08003c3c                pvPortMalloc
 .text.vPortFree
                0x08003dd8       0xc0 ./Middlewares/Third_Party/FreeRTOS/Source/portable/MemMang/heap_4.o
                0x08003dd8                vPortFree
 .text.prvHeapInit
                0x08003e98       0xc4 ./Middlewares/Third_Party/FreeRTOS/Source/portable/MemMang/heap_4.o
 .text.prvInsertBlockIntoFreeList
                0x08003f5c       0xb4 ./Middlewares/Third_Party/FreeRTOS/Source/portable/MemMang/heap_4.o
 .text.memset   0x08004010       0x10 /opt/st/stm32cubeide_1.16.0/plugins/com.st.stm32cube.ide.mcu.externaltools.gnu-tools-for-stm32.12.3.rel1.linux64_1.0.200.202406132123/tools/bin/../lib/gcc/arm-none-eabi/12.3.1/../../../../arm-none-eabi/lib/thumb/v7e-m+fp/hard/libc_nano.a(libc_a-memset.o)
                0x08004010                memset
 .text._reclaim_reent
                0x08004020       0xac /opt/st/stm32cubeide_1.16.0/plugins/com.st.stm32cube.ide.mcu.externaltools.gnu-tools-for-stm32.12.3.rel1.linux64_1.0.200.202406132123/tools/bin/../lib/gcc/arm-none-eabi/12.3.1/../../../../arm-none-eabi/lib/thumb/v7e-m+fp/hard/libc_nano.a(libc_a-reent.o)
                0x08004020                _reclaim_reent
 .text.__libc_init_array
                0x080040cc       0x48 /opt/st/stm32cubeide_1.16.0/plugins/com.st.stm32cube.ide.mcu.externaltools.gnu-tools-for-stm32.12.3.rel1.linux64_1.0.200.202406132123/tools/bin/../lib/gcc/arm-none-eabi/12.3.1/../../../../arm-none-eabi/lib/thumb/v7e-m+fp/hard/libc_nano.a(libc_a-init.o)
                0x080040cc                __libc_init_array
 .text.__retarget_lock_acquire_recursive
                0x08004114        0x2 /opt/st/stm32cubeide_1.16.0/plugins/com.st.stm32cube.ide.mcu.externaltools.gnu-tools-for-stm32.12.3.rel1.linux64_1.0.200.202406132123/tools/bin/../lib/gcc/arm-none-eabi/12.3.1/../../../../arm-none-eabi/lib/thumb/v7e-m+fp/hard/libc_nano.a(libc_a-lock.o)
                0x08004114                __retarget_lock_acquire_recursive
 .text.__retarget_lock_release_recursive
                0x08004116        0x2 /opt/st/stm32cubeide_1.16.0/plugins/com.st.stm32cube.ide.mcu.externaltools.gnu-tools-for-stm32.12.3.rel1.linux64_1.0.200.202406132123/tools/bin/../lib/gcc/arm-none-eabi/12.3.1/../../../../arm-none-eabi/lib/thumb/v7e-m+fp/hard/libc_nano.a(libc_a-lock.o)
                0x08004116                __retarget_lock_release_recursive
 .text._free_r  0x08004118       0x94 /opt/st/stm32cubeide_1.16.0/plugins/com.st.stm32cube.ide.mcu.externaltools.gnu-tools-for-stm32.12.3.rel1.linux64_1.0.200.202406132123/tools/bin/../lib/gcc/arm-none-eabi/12.3.1/../../../../arm-none-eabi/lib/thumb/v7e-m+fp/hard/libc_nano.a(libc_a-freer.o)
                0x08004118                _free_r
 .text.__malloc_lock
                0x080041ac        0xc /opt/st/stm32cubeide_1.16.0/plugins/com.st.stm32cube.ide.mcu.externaltools.gnu-tools-for-stm32.12.3.rel1.linux64_1.0.200.202406132123/tools/bin/../lib/gcc/arm-none-eabi/12.3.1/../../../../arm-none-eabi/lib/thumb/v7e-m+fp/hard/libc_nano.a(libc_a-mlock.o)
                0x080041ac                __malloc_lock
 .text.__malloc_unlock
                0x080041b8        0xc /opt/st/stm32cubeide_1.16.0/plugins/com.st.stm32cube.ide.mcu.externaltools.gnu-tools-for-stm32.12.3.rel1.linux64_1.0.200.202406132123/tools/bin/../lib/gcc/arm-none-eabi/12.3.1/../../../../arm-none-eabi/lib/thumb/v7e-m+fp/hard/libc_nano.a(libc_a-mlock.o)
                0x080041b8                __malloc_unlock
 *(.glue_7)
 .glue_7        0x080041c4        0x0 linker stubs
 *(.glue_7t)
 .glue_7t       0x080041c4        0x0 linker stubs
 *(.eh_frame)
 .eh_frame      0x080041c4        0x0 /opt/st/stm32cubeide_1.16.0/plugins/com.st.stm32cube.ide.mcu.externaltools.gnu-tools-for-stm32.12.3.rel1.linux64_1.0.200.202406132123/tools/bin/../lib/gcc/arm-none-eabi/12.3.1/thumb/v7e-m+fp/hard/crtbegin.o
 *(.init)
 .init          0x080041c4        0x4 /opt/st/stm32cubeide_1.16.0/plugins/com.st.stm32cube.ide.mcu.externaltools.gnu-tools-for-stm32.12.3.rel1.linux64_1.0.200.202406132123/tools/bin/../lib/gcc/arm-none-eabi/12.3.1/thumb/v7e-m+fp/hard/crti.o
                0x080041c4                _init
 .init          0x080041c8        0x8 /opt/st/stm32cubeide_1.16.0/plugins/com.st.stm32cube.ide.mcu.externaltools.gnu-tools-for-stm32.12.3.rel1.linux64_1.0.200.202406132123/tools/bin/../lib/gcc/arm-none-eabi/12.3.1/thumb/v7e-m+fp/hard/crtn.o
 *(.fini)
 .fini          0x080041d0        0x4 /opt/st/stm32cubeide_1.16.0/plugins/com.st.stm32cube.ide.mcu.externaltools.gnu-tools-for-stm32.12.3.rel1.linux64_1.0.200.202406132123/tools/bin/../lib/gcc/arm-none-eabi/12.3.1/thumb/v7e-m+fp/hard/crti.o
                0x080041d0                _fini
 .fini          0x080041d4        0x8 /opt/st/stm32cubeide_1.16.0/plugins/com.st.stm32cube.ide.mcu.externaltools.gnu-tools-for-stm32.12.3.rel1.linux64_1.0.200.202406132123/tools/bin/../lib/gcc/arm-none-eabi/12.3.1/thumb/v7e-m+fp/hard/crtn.o
                0x080041dc                        . = ALIGN (0x4)
                0x080041dc                        _etext = .

.vfp11_veneer   0x080041dc        0x0
 .vfp11_veneer  0x080041dc        0x0 linker stubs

.v4_bx          0x080041dc        0x0
 .v4_bx         0x080041dc        0x0 linker stubs

.iplt           0x080041dc        0x0
 .iplt          0x080041dc        0x0 /opt/st/stm32cubeide_1.16.0/plugins/com.st.stm32cube.ide.mcu.externaltools.gnu-tools-for-stm32.12.3.rel1.linux64_1.0.200.202406132123/tools/bin/../lib/gcc/arm-none-eabi/12.3.1/thumb/v7e-m+fp/hard/crtbegin.o

.rodata         0x080041dc       0x6c
                0x080041dc                        . = ALIGN (0x4)
 *(.rodata)
 .rodata        0x080041dc       0x54 ./Core/Src/main.o
 .rodata        0x08004230        0x5 ./Middlewares/Third_Party/FreeRTOS/Source/tasks.o
 *(.rodata*)
 *fill*         0x08004235        0x3 
 .rodata.AHBPrescTable
                0x08004238       0x10 ./Core/Src/system_stm32f7xx.o
                0x08004238                AHBPrescTable
                0x08004248                        . = ALIGN (0x4)

.ARM.extab      0x08004248        0x0
                0x08004248                        . = ALIGN (0x4)
 *(.ARM.extab* .gnu.linkonce.armextab.*)
                0x08004248                        . = ALIGN (0x4)

.ARM            0x08004248        0x8
                0x08004248                        . = ALIGN (0x4)
                0x08004248                        __exidx_start = .
 *(.ARM.exidx*)
 .ARM.exidx     0x08004248        0x8 /opt/st/stm32cubeide_1.16.0/plugins/com.st.stm32cube.ide.mcu.externaltools.gnu-tools-for-stm32.12.3.rel1.linux64_1.0.200.202406132123/tools/bin/../lib/gcc/arm-none-eabi/12.3.1/thumb/v7e-m+fp/hard/libgcc.a(_udivmoddi4.o)
                0x08004250                        __exidx_end = .
                0x08004250                        . = ALIGN (0x4)

.preinit_array  0x08004250        0x0
                0x08004250                        . = ALIGN (0x4)
                0x08004250                        PROVIDE (__preinit_array_start = .)
 *(.preinit_array*)
                0x08004250                        PROVIDE (__preinit_array_end = .)
                0x08004250                        . = ALIGN (0x4)

.init_array     0x08004250        0x4
                0x08004250                        . = ALIGN (0x4)
                0x08004250                        PROVIDE (__init_array_start = .)
 *(SORT_BY_NAME(.init_array.*))
 *(.init_array*)
 .init_array    0x08004250        0x4 /opt/st/stm32cubeide_1.16.0/plugins/com.st.stm32cube.ide.mcu.externaltools.gnu-tools-for-stm32.12.3.rel1.linux64_1.0.200.202406132123/tools/bin/../lib/gcc/arm-none-eabi/12.3.1/thumb/v7e-m+fp/hard/crtbegin.o
                0x08004254                        PROVIDE (__init_array_end = .)
                0x08004254                        . = ALIGN (0x4)

.fini_array     0x08004254        0x4
                0x08004254                        . = ALIGN (0x4)
                [!provide]                        PROVIDE (__fini_array_start = .)
 *(SORT_BY_NAME(.fini_array.*))
 *(.fini_array*)
 .fini_array    0x08004254        0x4 /opt/st/stm32cubeide_1.16.0/plugins/com.st.stm32cube.ide.mcu.externaltools.gnu-tools-for-stm32.12.3.rel1.linux64_1.0.200.202406132123/tools/bin/../lib/gcc/arm-none-eabi/12.3.1/thumb/v7e-m+fp/hard/crtbegin.o
                [!provide]                        PROVIDE (__fini_array_end = .)
                0x08004258                        . = ALIGN (0x4)
                0x08004258                        _sidata = LOADADDR (.data)

.rel.dyn        0x08004258        0x0
 .rel.iplt      0x08004258        0x0 /opt/st/stm32cubeide_1.16.0/plugins/com.st.stm32cube.ide.mcu.externaltools.gnu-tools-for-stm32.12.3.rel1.linux64_1.0.200.202406132123/tools/bin/../lib/gcc/arm-none-eabi/12.3.1/thumb/v7e-m+fp/hard/crtbegin.o

.data           0x20000000       0x60 load address 0x08004258
                0x20000000                        . = ALIGN (0x4)
                0x20000000                        _sdata = .
 *(.data)
 *(.data*)
 .data.SystemCoreClock
                0x20000000        0x4 ./Core/Src/system_stm32f7xx.o
                0x20000000                SystemCoreClock
 .data.uwTickPrio
                0x20000004        0x4 ./Drivers/STM32F7xx_HAL_Driver/Src/stm32f7xx_hal.o
                0x20000004                uwTickPrio
 .data.uwTickFreq
                0x20000008        0x1 ./Drivers/STM32F7xx_HAL_Driver/Src/stm32f7xx_hal.o
                0x20000008                uwTickFreq
 *fill*         0x20000009        0x3 
 .data.uxCriticalNesting
                0x2000000c        0x4 ./Middlewares/Third_Party/FreeRTOS/Source/portable/GCC/ARM_CM7/r0p1/port.o
 .data._impure_ptr
                0x20000010        0x4 /opt/st/stm32cubeide_1.16.0/plugins/com.st.stm32cube.ide.mcu.externaltools.gnu-tools-for-stm32.12.3.rel1.linux64_1.0.200.202406132123/tools/bin/../lib/gcc/arm-none-eabi/12.3.1/../../../../arm-none-eabi/lib/thumb/v7e-m+fp/hard/libc_nano.a(libc_a-impure.o)
                0x20000010                _impure_ptr
 .data._impure_data
                0x20000014       0x4c /opt/st/stm32cubeide_1.16.0/plugins/com.st.stm32cube.ide.mcu.externaltools.gnu-tools-for-stm32.12.3.rel1.linux64_1.0.200.202406132123/tools/bin/../lib/gcc/arm-none-eabi/12.3.1/../../../../arm-none-eabi/lib/thumb/v7e-m+fp/hard/libc_nano.a(libc_a-impure.o)
                0x20000014                _impure_data
 *(.RamFunc)
 *(.RamFunc*)
                0x20000060                        . = ALIGN (0x4)
                0x20000060                        _edata = .

.igot.plt       0x20000060        0x0 load address 0x080042b8
 .igot.plt      0x20000060        0x0 /opt/st/stm32cubeide_1.16.0/plugins/com.st.stm32cube.ide.mcu.externaltools.gnu-tools-for-stm32.12.3.rel1.linux64_1.0.200.202406132123/tools/bin/../lib/gcc/arm-none-eabi/12.3.1/thumb/v7e-m+fp/hard/crtbegin.o
                0x20000060                        . = ALIGN (0x4)

.bss            0x20000060     0x5700 load address 0x080042b8
                0x20000060                        _sbss = .
                0x20000060                        __bss_start__ = _sbss
 *(.bss)
 .bss           0x20000060       0x1c /opt/st/stm32cubeide_1.16.0/plugins/com.st.stm32cube.ide.mcu.externaltools.gnu-tools-for-stm32.12.3.rel1.linux64_1.0.200.202406132123/tools/bin/../lib/gcc/arm-none-eabi/12.3.1/thumb/v7e-m+fp/hard/crtbegin.o
 *(.bss*)
 .bss.xIdleTaskTCBBuffer
                0x2000007c       0xa0 ./Core/Src/freertos.o
 .bss.xIdleStack
                0x2000011c      0x400 ./Core/Src/freertos.o
 .bss.hspi1     0x2000051c       0x64 ./Core/Src/main.o
                0x2000051c                hspi1
 .bss.htim1     0x20000580       0x4c ./Core/Src/main.o
                0x20000580                htim1
 .bss.htim2     0x200005cc       0x4c ./Core/Src/main.o
                0x200005cc                htim2
 .bss.htim3     0x20000618       0x4c ./Core/Src/main.o
                0x20000618                htim3
 .bss.htim4     0x20000664       0x4c ./Core/Src/main.o
                0x20000664                htim4
 .bss.uwTick    0x200006b0        0x4 ./Drivers/STM32F7xx_HAL_Driver/Src/stm32f7xx_hal.o
                0x200006b0                uwTick
 .bss.pxCurrentTCB
                0x200006b4        0x4 ./Middlewares/Third_Party/FreeRTOS/Source/tasks.o
                0x200006b4                pxCurrentTCB
 .bss.pxReadyTasksLists
                0x200006b8       0x8c ./Middlewares/Third_Party/FreeRTOS/Source/tasks.o
 .bss.xDelayedTaskList1
                0x20000744       0x14 ./Middlewares/Third_Party/FreeRTOS/Source/tasks.o
 .bss.xDelayedTaskList2
                0x20000758       0x14 ./Middlewares/Third_Party/FreeRTOS/Source/tasks.o
 .bss.pxDelayedTaskList
                0x2000076c        0x4 ./Middlewares/Third_Party/FreeRTOS/Source/tasks.o
 .bss.pxOverflowDelayedTaskList
                0x20000770        0x4 ./Middlewares/Third_Party/FreeRTOS/Source/tasks.o
 .bss.xPendingReadyList
                0x20000774       0x14 ./Middlewares/Third_Party/FreeRTOS/Source/tasks.o
 .bss.xTasksWaitingTermination
                0x20000788       0x14 ./Middlewares/Third_Party/FreeRTOS/Source/tasks.o
 .bss.uxDeletedTasksWaitingCleanUp
                0x2000079c        0x4 ./Middlewares/Third_Party/FreeRTOS/Source/tasks.o
 .bss.xSuspendedTaskList
                0x200007a0       0x14 ./Middlewares/Third_Party/FreeRTOS/Source/tasks.o
 .bss.uxCurrentNumberOfTasks
                0x200007b4        0x4 ./Middlewares/Third_Party/FreeRTOS/Source/tasks.o
 .bss.xTickCount
                0x200007b8        0x4 ./Middlewares/Third_Party/FreeRTOS/Source/tasks.o
 .bss.uxTopReadyPriority
                0x200007bc        0x4 ./Middlewares/Third_Party/FreeRTOS/Source/tasks.o
 .bss.xSchedulerRunning
                0x200007c0        0x4 ./Middlewares/Third_Party/FreeRTOS/Source/tasks.o
 .bss.uxPendedTicks
                0x200007c4        0x4 ./Middlewares/Third_Party/FreeRTOS/Source/tasks.o
 .bss.xYieldPending
                0x200007c8        0x4 ./Middlewares/Third_Party/FreeRTOS/Source/tasks.o
 .bss.xNumOfOverflows
                0x200007cc        0x4 ./Middlewares/Third_Party/FreeRTOS/Source/tasks.o
 .bss.uxTaskNumber
                0x200007d0        0x4 ./Middlewares/Third_Party/FreeRTOS/Source/tasks.o
 .bss.xNextTaskUnblockTime
                0x200007d4        0x4 ./Middlewares/Third_Party/FreeRTOS/Source/tasks.o
 .bss.xIdleTaskHandle
                0x200007d8        0x4 ./Middlewares/Third_Party/FreeRTOS/Source/tasks.o
 .bss.uxSchedulerSuspended
                0x200007dc        0x4 ./Middlewares/Third_Party/FreeRTOS/Source/tasks.o
 .bss.ucMaxSysCallPriority
                0x200007e0        0x1 ./Middlewares/Third_Party/FreeRTOS/Source/portable/GCC/ARM_CM7/r0p1/port.o
 *fill*         0x200007e1        0x3 
 .bss.ulMaxPRIGROUPValue
                0x200007e4        0x4 ./Middlewares/Third_Party/FreeRTOS/Source/portable/GCC/ARM_CM7/r0p1/port.o
 .bss.ucHeap    0x200007e8     0x4e20 ./Middlewares/Third_Party/FreeRTOS/Source/portable/MemMang/heap_4.o
 .bss.xStart    0x20005608        0x8 ./Middlewares/Third_Party/FreeRTOS/Source/portable/MemMang/heap_4.o
 .bss.pxEnd     0x20005610        0x4 ./Middlewares/Third_Party/FreeRTOS/Source/portable/MemMang/heap_4.o
 .bss.xFreeBytesRemaining
                0x20005614        0x4 ./Middlewares/Third_Party/FreeRTOS/Source/portable/MemMang/heap_4.o
 .bss.xMinimumEverFreeBytesRemaining
                0x20005618        0x4 ./Middlewares/Third_Party/FreeRTOS/Source/portable/MemMang/heap_4.o
 .bss.xBlockAllocatedBit
                0x2000561c        0x4 ./Middlewares/Third_Party/FreeRTOS/Source/portable/MemMang/heap_4.o
 .bss.__sf      0x20005620      0x138 /opt/st/stm32cubeide_1.16.0/plugins/com.st.stm32cube.ide.mcu.externaltools.gnu-tools-for-stm32.12.3.rel1.linux64_1.0.200.202406132123/tools/bin/../lib/gcc/arm-none-eabi/12.3.1/../../../../arm-none-eabi/lib/thumb/v7e-m+fp/hard/libc_nano.a(libc_a-findfp.o)
                0x20005620                __sf
 .bss.__lock___malloc_recursive_mutex
                0x20005758        0x1 /opt/st/stm32cubeide_1.16.0/plugins/com.st.stm32cube.ide.mcu.externaltools.gnu-tools-for-stm32.12.3.rel1.linux64_1.0.200.202406132123/tools/bin/../lib/gcc/arm-none-eabi/12.3.1/../../../../arm-none-eabi/lib/thumb/v7e-m+fp/hard/libc_nano.a(libc_a-lock.o)
                0x20005758                __lock___malloc_recursive_mutex
 *fill*         0x20005759        0x3 
 .bss.__malloc_free_list
                0x2000575c        0x4 /opt/st/stm32cubeide_1.16.0/plugins/com.st.stm32cube.ide.mcu.externaltools.gnu-tools-for-stm32.12.3.rel1.linux64_1.0.200.202406132123/tools/bin/../lib/gcc/arm-none-eabi/12.3.1/../../../../arm-none-eabi/lib/thumb/v7e-m+fp/hard/libc_nano.a(libc_a-mallocr.o)
                0x2000575c                __malloc_free_list
 *(COMMON)
                0x20005760                        . = ALIGN (0x4)
                0x20005760                        _ebss = .
                0x20005760                        __bss_end__ = _ebss

._user_heap_stack
                0x20005760      0x600 load address 0x080042b8
                0x20005760                        . = ALIGN (0x8)
                [!provide]                        PROVIDE (end = .)
                0x20005760                        PROVIDE (_end = .)
                0x20005960                        . = (. + _Min_Heap_Size)
 *fill*         0x20005760      0x200 
                0x20005d60                        . = (. + _Min_Stack_Size)
 *fill*         0x20005960      0x400 
                0x20005d60                        . = ALIGN (0x8)

/DISCARD/
 libc.a(*)
 libm.a(*)
 libgcc.a(*)

.ARM.attributes
                0x00000000       0x30
 *(.ARM.attributes)
 .ARM.attributes
                0x00000000       0x22 /opt/st/stm32cubeide_1.16.0/plugins/com.st.stm32cube.ide.mcu.externaltools.gnu-tools-for-stm32.12.3.rel1.linux64_1.0.200.202406132123/tools/bin/../lib/gcc/arm-none-eabi/12.3.1/thumb/v7e-m+fp/hard/crti.o
 .ARM.attributes
                0x00000022       0x34 /opt/st/stm32cubeide_1.16.0/plugins/com.st.stm32cube.ide.mcu.externaltools.gnu-tools-for-stm32.12.3.rel1.linux64_1.0.200.202406132123/tools/bin/../lib/gcc/arm-none-eabi/12.3.1/thumb/v7e-m+fp/hard/crtbegin.o
 .ARM.attributes
                0x00000056       0x34 ./Core/Src/freertos.o
 .ARM.attributes
                0x0000008a       0x34 ./Core/Src/main.o
 .ARM.attributes
                0x000000be       0x34 ./Core/Src/stm32f7xx_hal_msp.o
 .ARM.attributes
                0x000000f2       0x34 ./Core/Src/stm32f7xx_it.o
 .ARM.attributes
                0x00000126       0x34 ./Core/Src/system_stm32f7xx.o
 .ARM.attributes
                0x0000015a       0x21 ./Core/Startup/startup_stm32f746zgtx.o
 .ARM.attributes
                0x0000017b       0x34 ./Drivers/STM32F7xx_HAL_Driver/Src/stm32f7xx_hal.o
 .ARM.attributes
                0x000001af       0x34 ./Drivers/STM32F7xx_HAL_Driver/Src/stm32f7xx_hal_cortex.o
 .ARM.attributes
                0x000001e3       0x34 ./Drivers/STM32F7xx_HAL_Driver/Src/stm32f7xx_hal_dma.o
 .ARM.attributes
                0x00000217       0x34 ./Drivers/STM32F7xx_HAL_Driver/Src/stm32f7xx_hal_gpio.o
 .ARM.attributes
                0x0000024b       0x34 ./Drivers/STM32F7xx_HAL_Driver/Src/stm32f7xx_hal_pwr_ex.o
 .ARM.attributes
                0x0000027f       0x34 ./Drivers/STM32F7xx_HAL_Driver/Src/stm32f7xx_hal_rcc.o
 .ARM.attributes
                0x000002b3       0x34 ./Drivers/STM32F7xx_HAL_Driver/Src/stm32f7xx_hal_spi.o
 .ARM.attributes
                0x000002e7       0x34 ./Drivers/STM32F7xx_HAL_Driver/Src/stm32f7xx_hal_tim.o
 .ARM.attributes
                0x0000031b       0x34 ./Drivers/STM32F7xx_HAL_Driver/Src/stm32f7xx_hal_tim_ex.o
 .ARM.attributes
                0x0000034f       0x34 ./Middlewares/Third_Party/FreeRTOS/Source/CMSIS_RTOS/cmsis_os.o
 .ARM.attributes
                0x00000383       0x34 ./Middlewares/Third_Party/FreeRTOS/Source/list.o
 .ARM.attributes
                0x000003b7       0x34 ./Middlewares/Third_Party/FreeRTOS/Source/tasks.o
 .ARM.attributes
                0x000003eb       0x34 ./Middlewares/Third_Party/FreeRTOS/Source/portable/GCC/ARM_CM7/r0p1/port.o
 .ARM.attributes
                0x0000041f       0x34 ./Middlewares/Third_Party/FreeRTOS/Source/portable/MemMang/heap_4.o
 .ARM.attributes
                0x00000453       0x34 /opt/st/stm32cubeide_1.16.0/plugins/com.st.stm32cube.ide.mcu.externaltools.gnu-tools-for-stm32.12.3.rel1.linux64_1.0.200.202406132123/tools/bin/../lib/gcc/arm-none-eabi/12.3.1/../../../../arm-none-eabi/lib/thumb/v7e-m+fp/hard/libc_nano.a(libc_a-findfp.o)
 .ARM.attributes
                0x00000487       0x34 /opt/st/stm32cubeide_1.16.0/plugins/com.st.stm32cube.ide.mcu.externaltools.gnu-tools-for-stm32.12.3.rel1.linux64_1.0.200.202406132123/tools/bin/../lib/gcc/arm-none-eabi/12.3.1/../../../../arm-none-eabi/lib/thumb/v7e-m+fp/hard/libc_nano.a(libc_a-memset.o)
 .ARM.attributes
                0x000004bb       0x34 /opt/st/stm32cubeide_1.16.0/plugins/com.st.stm32cube.ide.mcu.externaltools.gnu-tools-for-stm32.12.3.rel1.linux64_1.0.200.202406132123/tools/bin/../lib/gcc/arm-none-eabi/12.3.1/../../../../arm-none-eabi/lib/thumb/v7e-m+fp/hard/libc_nano.a(libc_a-reent.o)
 .ARM.attributes
                0x000004ef       0x34 /opt/st/stm32cubeide_1.16.0/plugins/com.st.stm32cube.ide.mcu.externaltools.gnu-tools-for-stm32.12.3.rel1.linux64_1.0.200.202406132123/tools/bin/../lib/gcc/arm-none-eabi/12.3.1/../../../../arm-none-eabi/lib/thumb/v7e-m+fp/hard/libc_nano.a(libc_a-impure.o)
 .ARM.attributes
                0x00000523       0x34 /opt/st/stm32cubeide_1.16.0/plugins/com.st.stm32cube.ide.mcu.externaltools.gnu-tools-for-stm32.12.3.rel1.linux64_1.0.200.202406132123/tools/bin/../lib/gcc/arm-none-eabi/12.3.1/../../../../arm-none-eabi/lib/thumb/v7e-m+fp/hard/libc_nano.a(libc_a-init.o)
 .ARM.attributes
                0x00000557       0x34 /opt/st/stm32cubeide_1.16.0/plugins/com.st.stm32cube.ide.mcu.externaltools.gnu-tools-for-stm32.12.3.rel1.linux64_1.0.200.202406132123/tools/bin/../lib/gcc/arm-none-eabi/12.3.1/../../../../arm-none-eabi/lib/thumb/v7e-m+fp/hard/libc_nano.a(libc_a-lock.o)
 .ARM.attributes
                0x0000058b       0x34 /opt/st/stm32cubeide_1.16.0/plugins/com.st.stm32cube.ide.mcu.externaltools.gnu-tools-for-stm32.12.3.rel1.linux64_1.0.200.202406132123/tools/bin/../lib/gcc/arm-none-eabi/12.3.1/../../../../arm-none-eabi/lib/thumb/v7e-m+fp/hard/libc_nano.a(libc_a-freer.o)
 .ARM.attributes
                0x000005bf       0x34 /opt/st/stm32cubeide_1.16.0/plugins/com.st.stm32cube.ide.mcu.externaltools.gnu-tools-for-stm32.12.3.rel1.linux64_1.0.200.202406132123/tools/bin/../lib/gcc/arm-none-eabi/12.3.1/../../../../arm-none-eabi/lib/thumb/v7e-m+fp/hard/libc_nano.a(libc_a-mallocr.o)
 .ARM.attributes
                0x000005f3       0x34 /opt/st/stm32cubeide_1.16.0/plugins/com.st.stm32cube.ide.mcu.externaltools.gnu-tools-for-stm32.12.3.rel1.linux64_1.0.200.202406132123/tools/bin/../lib/gcc/arm-none-eabi/12.3.1/../../../../arm-none-eabi/lib/thumb/v7e-m+fp/hard/libc_nano.a(libc_a-mlock.o)
 .ARM.attributes
                0x00000627       0x22 /opt/st/stm32cubeide_1.16.0/plugins/com.st.stm32cube.ide.mcu.externaltools.gnu-tools-for-stm32.12.3.rel1.linux64_1.0.200.202406132123/tools/bin/../lib/gcc/arm-none-eabi/12.3.1/thumb/v7e-m+fp/hard/libgcc.a(_aeabi_uldivmod.o)
 .ARM.attributes
                0x00000649       0x34 /opt/st/stm32cubeide_1.16.0/plugins/com.st.stm32cube.ide.mcu.externaltools.gnu-tools-for-stm32.12.3.rel1.linux64_1.0.200.202406132123/tools/bin/../lib/gcc/arm-none-eabi/12.3.1/thumb/v7e-m+fp/hard/libgcc.a(_udivmoddi4.o)
 .ARM.attributes
                0x0000067d       0x22 /opt/st/stm32cubeide_1.16.0/plugins/com.st.stm32cube.ide.mcu.externaltools.gnu-tools-for-stm32.12.3.rel1.linux64_1.0.200.202406132123/tools/bin/../lib/gcc/arm-none-eabi/12.3.1/thumb/v7e-m+fp/hard/libgcc.a(_dvmd_tls.o)
 .ARM.attributes
                0x0000069f       0x22 /opt/st/stm32cubeide_1.16.0/plugins/com.st.stm32cube.ide.mcu.externaltools.gnu-tools-for-stm32.12.3.rel1.linux64_1.0.200.202406132123/tools/bin/../lib/gcc/arm-none-eabi/12.3.1/thumb/v7e-m+fp/hard/crtn.o
OUTPUT(r11.elf elf32-littlearm)
LOAD linker stubs
LOAD /opt/st/stm32cubeide_1.16.0/plugins/com.st.stm32cube.ide.mcu.externaltools.gnu-tools-for-stm32.12.3.rel1.linux64_1.0.200.202406132123/tools/bin/../lib/gcc/arm-none-eabi/12.3.1/../../../../arm-none-eabi/lib/thumb/v7e-m+fp/hard/libc.a
LOAD /opt/st/stm32cubeide_1.16.0/plugins/com.st.stm32cube.ide.mcu.externaltools.gnu-tools-for-stm32.12.3.rel1.linux64_1.0.200.202406132123/tools/bin/../lib/gcc/arm-none-eabi/12.3.1/../../../../arm-none-eabi/lib/thumb/v7e-m+fp/hard/libm.a
LOAD /opt/st/stm32cubeide_1.16.0/plugins/com.st.stm32cube.ide.mcu.externaltools.gnu-tools-for-stm32.12.3.rel1.linux64_1.0.200.202406132123/tools/bin/../lib/gcc/arm-none-eabi/12.3.1/thumb/v7e-m+fp/hard/libgcc.a

.debug_info     0x00000000    0x12af7
 .debug_info    0x00000000      0x919 ./Core/Src/freertos.o
 .debug_info    0x00000919     0x1d2d ./Core/Src/main.o
 .debug_info    0x00002646     0x1143 ./Core/Src/stm32f7xx_hal_msp.o
 .debug_info    0x00003789      0xa81 ./Core/Src/stm32f7xx_it.o
 .debug_info    0x0000420a      0x6ed ./Core/Src/system_stm32f7xx.o
 .debug_info    0x000048f7       0x30 ./Core/Startup/startup_stm32f746zgtx.o
 .debug_info    0x00004927      0x9d8 ./Drivers/STM32F7xx_HAL_Driver/Src/stm32f7xx_hal.o
 .debug_info    0x000052ff      0xf7e ./Drivers/STM32F7xx_HAL_Driver/Src/stm32f7xx_hal_cortex.o
 .debug_info    0x0000627d      0x8e7 ./Drivers/STM32F7xx_HAL_Driver/Src/stm32f7xx_hal_dma.o
 .debug_info    0x00006b64      0x6e7 ./Drivers/STM32F7xx_HAL_Driver/Src/stm32f7xx_hal_gpio.o
 .debug_info    0x0000724b      0x8cd ./Drivers/STM32F7xx_HAL_Driver/Src/stm32f7xx_hal_pwr_ex.o
 .debug_info    0x00007b18      0x8dc ./Drivers/STM32F7xx_HAL_Driver/Src/stm32f7xx_hal_rcc.o
 .debug_info    0x000083f4     0x169b ./Drivers/STM32F7xx_HAL_Driver/Src/stm32f7xx_hal_spi.o
 .debug_info    0x00009a8f     0x2abd ./Drivers/STM32F7xx_HAL_Driver/Src/stm32f7xx_hal_tim.o
 .debug_info    0x0000c54c     0x15bb ./Drivers/STM32F7xx_HAL_Driver/Src/stm32f7xx_hal_tim_ex.o
 .debug_info    0x0000db07     0x21e2 ./Middlewares/Third_Party/FreeRTOS/Source/CMSIS_RTOS/cmsis_os.o
 .debug_info    0x0000fce9      0x2af ./Middlewares/Third_Party/FreeRTOS/Source/list.o
 .debug_info    0x0000ff98     0x22f5 ./Middlewares/Third_Party/FreeRTOS/Source/tasks.o
 .debug_info    0x0001228d      0x4a7 ./Middlewares/Third_Party/FreeRTOS/Source/portable/GCC/ARM_CM7/r0p1/port.o
 .debug_info    0x00012734      0x3c3 ./Middlewares/Third_Party/FreeRTOS/Source/portable/MemMang/heap_4.o

.debug_abbrev   0x00000000     0x2c3f
 .debug_abbrev  0x00000000      0x16f ./Core/Src/freertos.o
 .debug_abbrev  0x0000016f      0x325 ./Core/Src/main.o
 .debug_abbrev  0x00000494      0x217 ./Core/Src/stm32f7xx_hal_msp.o
 .debug_abbrev  0x000006ab      0x1bc ./Core/Src/stm32f7xx_it.o
 .debug_abbrev  0x00000867      0x13b ./Core/Src/system_stm32f7xx.o
 .debug_abbrev  0x000009a2       0x24 ./Core/Startup/startup_stm32f746zgtx.o
 .debug_abbrev  0x000009c6      0x213 ./Drivers/STM32F7xx_HAL_Driver/Src/stm32f7xx_hal.o
 .debug_abbrev  0x00000bd9      0x31e ./Drivers/STM32F7xx_HAL_Driver/Src/stm32f7xx_hal_cortex.o
 .debug_abbrev  0x00000ef7      0x264 ./Drivers/STM32F7xx_HAL_Driver/Src/stm32f7xx_hal_dma.o
 .debug_abbrev  0x0000115b      0x1d4 ./Drivers/STM32F7xx_HAL_Driver/Src/stm32f7xx_hal_gpio.o
 .debug_abbrev  0x0000132f      0x1d5 ./Drivers/STM32F7xx_HAL_Driver/Src/stm32f7xx_hal_pwr_ex.o
 .debug_abbrev  0x00001504      0x288 ./Drivers/STM32F7xx_HAL_Driver/Src/stm32f7xx_hal_rcc.o
 .debug_abbrev  0x0000178c      0x269 ./Drivers/STM32F7xx_HAL_Driver/Src/stm32f7xx_hal_spi.o
 .debug_abbrev  0x000019f5      0x278 ./Drivers/STM32F7xx_HAL_Driver/Src/stm32f7xx_hal_tim.o
 .debug_abbrev  0x00001c6d      0x283 ./Drivers/STM32F7xx_HAL_Driver/Src/stm32f7xx_hal_tim_ex.o
 .debug_abbrev  0x00001ef0      0x416 ./Middlewares/Third_Party/FreeRTOS/Source/CMSIS_RTOS/cmsis_os.o
 .debug_abbrev  0x00002306       0xf5 ./Middlewares/Third_Party/FreeRTOS/Source/list.o
 .debug_abbrev  0x000023fb      0x3d0 ./Middlewares/Third_Party/FreeRTOS/Source/tasks.o
 .debug_abbrev  0x000027cb      0x26f ./Middlewares/Third_Party/FreeRTOS/Source/portable/GCC/ARM_CM7/r0p1/port.o
 .debug_abbrev  0x00002a3a      0x205 ./Middlewares/Third_Party/FreeRTOS/Source/portable/MemMang/heap_4.o

.debug_aranges  0x00000000     0x1170
 .debug_aranges
                0x00000000       0x20 ./Core/Src/freertos.o
 .debug_aranges
                0x00000020       0x70 ./Core/Src/main.o
 .debug_aranges
                0x00000090       0x40 ./Core/Src/stm32f7xx_hal_msp.o
 .debug_aranges
                0x000000d0       0x78 ./Core/Src/stm32f7xx_it.o
 .debug_aranges
                0x00000148       0x28 ./Core/Src/system_stm32f7xx.o
 .debug_aranges
                0x00000170       0x28 ./Core/Startup/startup_stm32f746zgtx.o
 .debug_aranges
                0x00000198      0x100 ./Drivers/STM32F7xx_HAL_Driver/Src/stm32f7xx_hal.o
 .debug_aranges
                0x00000298      0x128 ./Drivers/STM32F7xx_HAL_Driver/Src/stm32f7xx_hal_cortex.o
 .debug_aranges
                0x000003c0       0x90 ./Drivers/STM32F7xx_HAL_Driver/Src/stm32f7xx_hal_dma.o
 .debug_aranges
                0x00000450       0x58 ./Drivers/STM32F7xx_HAL_Driver/Src/stm32f7xx_hal_gpio.o
 .debug_aranges
                0x000004a8       0x80 ./Drivers/STM32F7xx_HAL_Driver/Src/stm32f7xx_hal_pwr_ex.o
 .debug_aranges
                0x00000528       0x88 ./Drivers/STM32F7xx_HAL_Driver/Src/stm32f7xx_hal_rcc.o
 .debug_aranges
                0x000005b0      0x1d8 ./Drivers/STM32F7xx_HAL_Driver/Src/stm32f7xx_hal_spi.o
 .debug_aranges
                0x00000788      0x3e0 ./Drivers/STM32F7xx_HAL_Driver/Src/stm32f7xx_hal_tim.o
 .debug_aranges
                0x00000b68      0x178 ./Drivers/STM32F7xx_HAL_Driver/Src/stm32f7xx_hal_tim_ex.o
 .debug_aranges
                0x00000ce0      0x1d8 ./Middlewares/Third_Party/FreeRTOS/Source/CMSIS_RTOS/cmsis_os.o
 .debug_aranges
                0x00000eb8       0x40 ./Middlewares/Third_Party/FreeRTOS/Source/list.o
 .debug_aranges
                0x00000ef8      0x1a8 ./Middlewares/Third_Party/FreeRTOS/Source/tasks.o
 .debug_aranges
                0x000010a0       0x80 ./Middlewares/Third_Party/FreeRTOS/Source/portable/GCC/ARM_CM7/r0p1/port.o
 .debug_aranges
                0x00001120       0x50 ./Middlewares/Third_Party/FreeRTOS/Source/portable/MemMang/heap_4.o

.debug_rnglists
                0x00000000      0xd7a
 .debug_rnglists
                0x00000000       0x13 ./Core/Src/freertos.o
 .debug_rnglists
                0x00000013       0x55 ./Core/Src/main.o
 .debug_rnglists
                0x00000068       0x2e ./Core/Src/stm32f7xx_hal_msp.o
 .debug_rnglists
                0x00000096       0x55 ./Core/Src/stm32f7xx_it.o
 .debug_rnglists
                0x000000eb       0x1a ./Core/Src/system_stm32f7xx.o
 .debug_rnglists
                0x00000105       0x19 ./Core/Startup/startup_stm32f746zgtx.o
 .debug_rnglists
                0x0000011e       0xbb ./Drivers/STM32F7xx_HAL_Driver/Src/stm32f7xx_hal.o
 .debug_rnglists
                0x000001d9       0xda ./Drivers/STM32F7xx_HAL_Driver/Src/stm32f7xx_hal_cortex.o
 .debug_rnglists
                0x000002b3       0x70 ./Drivers/STM32F7xx_HAL_Driver/Src/stm32f7xx_hal_dma.o
 .debug_rnglists
                0x00000323       0x3f ./Drivers/STM32F7xx_HAL_Driver/Src/stm32f7xx_hal_gpio.o
 .debug_rnglists
                0x00000362       0x5f ./Drivers/STM32F7xx_HAL_Driver/Src/stm32f7xx_hal_pwr_ex.o
 .debug_rnglists
                0x000003c1       0x67 ./Drivers/STM32F7xx_HAL_Driver/Src/stm32f7xx_hal_rcc.o
 .debug_rnglists
                0x00000428      0x178 ./Drivers/STM32F7xx_HAL_Driver/Src/stm32f7xx_hal_spi.o
 .debug_rnglists
                0x000005a0      0x328 ./Drivers/STM32F7xx_HAL_Driver/Src/stm32f7xx_hal_tim.o
 .debug_rnglists
                0x000008c8      0x131 ./Drivers/STM32F7xx_HAL_Driver/Src/stm32f7xx_hal_tim_ex.o
 .debug_rnglists
                0x000009f9      0x16a ./Middlewares/Third_Party/FreeRTOS/Source/CMSIS_RTOS/cmsis_os.o
 .debug_rnglists
                0x00000b63       0x2b ./Middlewares/Third_Party/FreeRTOS/Source/list.o
 .debug_rnglists
                0x00000b8e      0x154 ./Middlewares/Third_Party/FreeRTOS/Source/tasks.o
 .debug_rnglists
                0x00000ce2       0x5d ./Middlewares/Third_Party/FreeRTOS/Source/portable/GCC/ARM_CM7/r0p1/port.o
 .debug_rnglists
                0x00000d3f       0x3b ./Middlewares/Third_Party/FreeRTOS/Source/portable/MemMang/heap_4.o

.debug_macro    0x00000000    0x27199
 .debug_macro   0x00000000      0x2f7 ./Core/Src/freertos.o
 .debug_macro   0x000002f7      0xab4 ./Core/Src/freertos.o
 .debug_macro   0x00000dab      0x189 ./Core/Src/freertos.o
 .debug_macro   0x00000f34       0x22 ./Core/Src/freertos.o
 .debug_macro   0x00000f56       0x8e ./Core/Src/freertos.o
 .debug_macro   0x00000fe4       0x51 ./Core/Src/freertos.o
 .debug_macro   0x00001035      0x103 ./Core/Src/freertos.o
 .debug_macro   0x00001138       0x6a ./Core/Src/freertos.o
 .debug_macro   0x000011a2      0x1df ./Core/Src/freertos.o
 .debug_macro   0x00001381       0xea ./Core/Src/freertos.o
 .debug_macro   0x0000146b      0x15a ./Core/Src/freertos.o
 .debug_macro   0x000015c5       0xde ./Core/Src/freertos.o
 .debug_macro   0x000016a3       0x1c ./Core/Src/freertos.o
 .debug_macro   0x000016bf       0x26 ./Core/Src/freertos.o
 .debug_macro   0x000016e5       0x61 ./Core/Src/freertos.o
 .debug_macro   0x00001746       0x2a ./Core/Src/freertos.o
 .debug_macro   0x00001770       0x43 ./Core/Src/freertos.o
 .debug_macro   0x000017b3       0x34 ./Core/Src/freertos.o
 .debug_macro   0x000017e7       0x16 ./Core/Src/freertos.o
 .debug_macro   0x000017fd       0x43 ./Core/Src/freertos.o
 .debug_macro   0x00001840       0x34 ./Core/Src/freertos.o
 .debug_macro   0x00001874       0x10 ./Core/Src/freertos.o
 .debug_macro   0x00001884       0x58 ./Core/Src/freertos.o
 .debug_macro   0x000018dc       0x8e ./Core/Src/freertos.o
 .debug_macro   0x0000196a       0x1c ./Core/Src/freertos.o
 .debug_macro   0x00001986      0x177 ./Core/Src/freertos.o
 .debug_macro   0x00001afd       0x10 ./Core/Src/freertos.o
 .debug_macro   0x00001b0d       0x35 ./Core/Src/freertos.o
 .debug_macro   0x00001b42      0x4e2 ./Core/Src/freertos.o
 .debug_macro   0x00002024       0xb5 ./Core/Src/freertos.o
 .debug_macro   0x000020d9       0xaa ./Core/Src/freertos.o
 .debug_macro   0x00002183      0x293 ./Core/Src/freertos.o
 .debug_macro   0x00002416       0x2e ./Core/Src/freertos.o
 .debug_macro   0x00002444       0x3b ./Core/Src/freertos.o
 .debug_macro   0x0000247f       0x1c ./Core/Src/freertos.o
 .debug_macro   0x0000249b       0x22 ./Core/Src/freertos.o
 .debug_macro   0x000024bd       0xd9 ./Core/Src/freertos.o
 .debug_macro   0x00002596     0x12cd ./Core/Src/freertos.o
 .debug_macro   0x00003863      0x11f ./Core/Src/freertos.o
 .debug_macro   0x00003982       0x19 ./Core/Src/freertos.o
 .debug_macro   0x0000399b    0x19222 ./Core/Src/freertos.o
 .debug_macro   0x0001cbbd       0x6d ./Core/Src/freertos.o
 .debug_macro   0x0001cc2a     0x3765 ./Core/Src/freertos.o
 .debug_macro   0x0002038f       0x63 ./Core/Src/freertos.o
 .debug_macro   0x000203f2     0x18ad ./Core/Src/freertos.o
 .debug_macro   0x00021c9f      0x6c4 ./Core/Src/freertos.o
 .debug_macro   0x00022363      0x185 ./Core/Src/freertos.o
 .debug_macro   0x000224e8      0x115 ./Core/Src/freertos.o
 .debug_macro   0x000225fd      0x1fd ./Core/Src/freertos.o
 .debug_macro   0x000227fa       0xa5 ./Core/Src/freertos.o
 .debug_macro   0x0002289f      0x24f ./Core/Src/freertos.o
 .debug_macro   0x00022aee       0x41 ./Core/Src/freertos.o
 .debug_macro   0x00022b2f       0x58 ./Core/Src/freertos.o
 .debug_macro   0x00022b87      0x236 ./Core/Src/freertos.o
 .debug_macro   0x00022dbd      0x14e ./Core/Src/freertos.o
 .debug_macro   0x00022f0b      0x25a ./Core/Src/freertos.o
 .debug_macro   0x00023165       0x12 ./Core/Src/freertos.o
 .debug_macro   0x00023177      0x22c ./Core/Src/freertos.o
 .debug_macro   0x000233a3       0x61 ./Core/Src/freertos.o
 .debug_macro   0x00023404       0xa5 ./Core/Src/freertos.o
 .debug_macro   0x000234a9      0x12e ./Core/Src/freertos.o
 .debug_macro   0x000235d7      0x108 ./Core/Src/freertos.o
 .debug_macro   0x000236df       0x35 ./Core/Src/freertos.o
 .debug_macro   0x00023714      0x2fe ./Core/Src/freertos.o
 .debug_macro   0x00023a12      0xa83 ./Core/Src/freertos.o
 .debug_macro   0x00024495       0x59 ./Core/Src/freertos.o
 .debug_macro   0x000244ee      0x14d ./Core/Src/freertos.o
 .debug_macro   0x0002463b      0x10c ./Core/Src/freertos.o
 .debug_macro   0x00024747      0x342 ./Core/Src/main.o
 .debug_macro   0x00024a89       0xea ./Core/Src/main.o
 .debug_macro   0x00024b73       0x91 ./Core/Src/main.o
 .debug_macro   0x00024c04       0x8d ./Core/Src/main.o
 .debug_macro   0x00024c91       0x7e ./Core/Src/main.o
 .debug_macro   0x00024d0f       0x19 ./Core/Src/main.o
 .debug_macro   0x00024d28       0xf2 ./Core/Src/main.o
 .debug_macro   0x00024e1a      0x1f2 ./Core/Src/stm32f7xx_hal_msp.o
 .debug_macro   0x0002500c      0x301 ./Core/Src/stm32f7xx_it.o
 .debug_macro   0x0002530d      0x1e3 ./Core/Src/system_stm32f7xx.o
 .debug_macro   0x000254f0      0x207 ./Drivers/STM32F7xx_HAL_Driver/Src/stm32f7xx_hal.o
 .debug_macro   0x000256f7      0x1e3 ./Drivers/STM32F7xx_HAL_Driver/Src/stm32f7xx_hal_cortex.o
 .debug_macro   0x000258da      0x1e9 ./Drivers/STM32F7xx_HAL_Driver/Src/stm32f7xx_hal_dma.o
 .debug_macro   0x00025ac3      0x1e9 ./Drivers/STM32F7xx_HAL_Driver/Src/stm32f7xx_hal_gpio.o
 .debug_macro   0x00025cac      0x1fb ./Drivers/STM32F7xx_HAL_Driver/Src/stm32f7xx_hal_pwr_ex.o
 .debug_macro   0x00025ea7      0x207 ./Drivers/STM32F7xx_HAL_Driver/Src/stm32f7xx_hal_rcc.o
 .debug_macro   0x000260ae      0x1f2 ./Drivers/STM32F7xx_HAL_Driver/Src/stm32f7xx_hal_spi.o
 .debug_macro   0x000262a0      0x1e4 ./Drivers/STM32F7xx_HAL_Driver/Src/stm32f7xx_hal_tim.o
 .debug_macro   0x00026484      0x1e3 ./Drivers/STM32F7xx_HAL_Driver/Src/stm32f7xx_hal_tim_ex.o
 .debug_macro   0x00026667      0x210 ./Middlewares/Third_Party/FreeRTOS/Source/CMSIS_RTOS/cmsis_os.o
 .debug_macro   0x00026877       0x10 ./Middlewares/Third_Party/FreeRTOS/Source/CMSIS_RTOS/cmsis_os.o
 .debug_macro   0x00026887       0x20 ./Middlewares/Third_Party/FreeRTOS/Source/CMSIS_RTOS/cmsis_os.o
 .debug_macro   0x000268a7       0x16 ./Middlewares/Third_Party/FreeRTOS/Source/CMSIS_RTOS/cmsis_os.o
 .debug_macro   0x000268bd       0xc7 ./Middlewares/Third_Party/FreeRTOS/Source/CMSIS_RTOS/cmsis_os.o
 .debug_macro   0x00026984      0x199 ./Middlewares/Third_Party/FreeRTOS/Source/list.o
 .debug_macro   0x00026b1d      0x28b ./Middlewares/Third_Party/FreeRTOS/Source/tasks.o
 .debug_macro   0x00026da8       0x10 ./Middlewares/Third_Party/FreeRTOS/Source/tasks.o
 .debug_macro   0x00026db8      0x221 ./Middlewares/Third_Party/FreeRTOS/Source/portable/GCC/ARM_CM7/r0p1/port.o
 .debug_macro   0x00026fd9      0x1c0 ./Middlewares/Third_Party/FreeRTOS/Source/portable/MemMang/heap_4.o

.debug_line     0x00000000    0x13160
 .debug_line    0x00000000      0x8e0 ./Core/Src/freertos.o
 .debug_line    0x000008e0      0xcc4 ./Core/Src/main.o
 .debug_line    0x000015a4      0x812 ./Core/Src/stm32f7xx_hal_msp.o
 .debug_line    0x00001db6      0xa02 ./Core/Src/stm32f7xx_it.o
 .debug_line    0x000027b8      0x73f ./Core/Src/system_stm32f7xx.o
 .debug_line    0x00002ef7       0x7a ./Core/Startup/startup_stm32f746zgtx.o
 .debug_line    0x00002f71      0x9df ./Drivers/STM32F7xx_HAL_Driver/Src/stm32f7xx_hal.o
 .debug_line    0x00003950      0xc81 ./Drivers/STM32F7xx_HAL_Driver/Src/stm32f7xx_hal_cortex.o
 .debug_line    0x000045d1      0xf2e ./Drivers/STM32F7xx_HAL_Driver/Src/stm32f7xx_hal_dma.o
 .debug_line    0x000054ff      0xb65 ./Drivers/STM32F7xx_HAL_Driver/Src/stm32f7xx_hal_gpio.o
 .debug_line    0x00006064      0x963 ./Drivers/STM32F7xx_HAL_Driver/Src/stm32f7xx_hal_pwr_ex.o
 .debug_line    0x000069c7      0xe10 ./Drivers/STM32F7xx_HAL_Driver/Src/stm32f7xx_hal_rcc.o
 .debug_line    0x000077d7     0x1fa9 ./Drivers/STM32F7xx_HAL_Driver/Src/stm32f7xx_hal_spi.o
 .debug_line    0x00009780     0x3c99 ./Drivers/STM32F7xx_HAL_Driver/Src/stm32f7xx_hal_tim.o
 .debug_line    0x0000d419     0x1ac2 ./Drivers/STM32F7xx_HAL_Driver/Src/stm32f7xx_hal_tim_ex.o
 .debug_line    0x0000eedb     0x11aa ./Middlewares/Third_Party/FreeRTOS/Source/CMSIS_RTOS/cmsis_os.o
 .debug_line    0x00010085      0x6da ./Middlewares/Third_Party/FreeRTOS/Source/list.o
 .debug_line    0x0001075f     0x18cf ./Middlewares/Third_Party/FreeRTOS/Source/tasks.o
 .debug_line    0x0001202e      0x889 ./Middlewares/Third_Party/FreeRTOS/Source/portable/GCC/ARM_CM7/r0p1/port.o
 .debug_line    0x000128b7      0x8a9 ./Middlewares/Third_Party/FreeRTOS/Source/portable/MemMang/heap_4.o

.debug_str      0x00000000    0xf5567
 .debug_str     0x00000000    0xeb6ab ./Core/Src/freertos.o
                              0xebde3 (size before relaxing)
 .debug_str     0x000eb6ab     0x303f ./Core/Src/main.o
                              0xeeeb8 (size before relaxing)
 .debug_str     0x000ee6ea      0x676 ./Core/Src/stm32f7xx_hal_msp.o
                              0xe704a (size before relaxing)
 .debug_str     0x000eed60      0x152 ./Core/Src/stm32f7xx_it.o
                              0xec250 (size before relaxing)
 .debug_str     0x000eeeb2      0x1a4 ./Core/Src/system_stm32f7xx.o
                              0xe5f4d (size before relaxing)
 .debug_str     0x000ef056       0x44 ./Core/Startup/startup_stm32f746zgtx.o
                                 0x64 (size before relaxing)
 .debug_str     0x000ef09a      0x40c ./Drivers/STM32F7xx_HAL_Driver/Src/stm32f7xx_hal.o
                              0xe68b6 (size before relaxing)
 .debug_str     0x000ef4a6      0x34b ./Drivers/STM32F7xx_HAL_Driver/Src/stm32f7xx_hal_cortex.o
                              0xe68d3 (size before relaxing)
 .debug_str     0x000ef7f1      0x320 ./Drivers/STM32F7xx_HAL_Driver/Src/stm32f7xx_hal_dma.o
                              0xe628c (size before relaxing)
 .debug_str     0x000efb11      0x10a ./Drivers/STM32F7xx_HAL_Driver/Src/stm32f7xx_hal_gpio.o
                              0xe600b (size before relaxing)
 .debug_str     0x000efc1b      0x1d1 ./Drivers/STM32F7xx_HAL_Driver/Src/stm32f7xx_hal_pwr_ex.o
                              0xe61bc (size before relaxing)
 .debug_str     0x000efdec      0x252 ./Drivers/STM32F7xx_HAL_Driver/Src/stm32f7xx_hal_rcc.o
                              0xe62af (size before relaxing)
 .debug_str     0x000f003e      0x59b ./Drivers/STM32F7xx_HAL_Driver/Src/stm32f7xx_hal_spi.o
                              0xe678d (size before relaxing)
 .debug_str     0x000f05d9      0xdeb ./Drivers/STM32F7xx_HAL_Driver/Src/stm32f7xx_hal_tim.o
                              0xe7270 (size before relaxing)
 .debug_str     0x000f13c4      0x4dc ./Drivers/STM32F7xx_HAL_Driver/Src/stm32f7xx_hal_tim_ex.o
                              0xe6ab6 (size before relaxing)
 .debug_str     0x000f18a0     0x206f ./Middlewares/Third_Party/FreeRTOS/Source/CMSIS_RTOS/cmsis_os.o
                               0xea6c (size before relaxing)
 .debug_str     0x000f390f      0x20f ./Middlewares/Third_Party/FreeRTOS/Source/list.o
                               0xaa4c (size before relaxing)
 .debug_str     0x000f3b1e     0x1104 ./Middlewares/Third_Party/FreeRTOS/Source/tasks.o
                               0xd0c1 (size before relaxing)
 .debug_str     0x000f4c22      0x702 ./Middlewares/Third_Party/FreeRTOS/Source/portable/GCC/ARM_CM7/r0p1/port.o
                               0xa183 (size before relaxing)
 .debug_str     0x000f5324      0x243 ./Middlewares/Third_Party/FreeRTOS/Source/portable/MemMang/heap_4.o
                               0xb269 (size before relaxing)

.comment        0x00000000       0x43
 .comment       0x00000000       0x43 ./Core/Src/freertos.o
                                 0x44 (size before relaxing)
 .comment       0x00000043       0x44 ./Core/Src/main.o
 .comment       0x00000043       0x44 ./Core/Src/stm32f7xx_hal_msp.o
 .comment       0x00000043       0x44 ./Core/Src/stm32f7xx_it.o
 .comment       0x00000043       0x44 ./Core/Src/system_stm32f7xx.o
 .comment       0x00000043       0x44 ./Drivers/STM32F7xx_HAL_Driver/Src/stm32f7xx_hal.o
 .comment       0x00000043       0x44 ./Drivers/STM32F7xx_HAL_Driver/Src/stm32f7xx_hal_cortex.o
 .comment       0x00000043       0x44 ./Drivers/STM32F7xx_HAL_Driver/Src/stm32f7xx_hal_dma.o
 .comment       0x00000043       0x44 ./Drivers/STM32F7xx_HAL_Driver/Src/stm32f7xx_hal_gpio.o
 .comment       0x00000043       0x44 ./Drivers/STM32F7xx_HAL_Driver/Src/stm32f7xx_hal_pwr_ex.o
 .comment       0x00000043       0x44 ./Drivers/STM32F7xx_HAL_Driver/Src/stm32f7xx_hal_rcc.o
 .comment       0x00000043       0x44 ./Drivers/STM32F7xx_HAL_Driver/Src/stm32f7xx_hal_spi.o
 .comment       0x00000043       0x44 ./Drivers/STM32F7xx_HAL_Driver/Src/stm32f7xx_hal_tim.o
 .comment       0x00000043       0x44 ./Drivers/STM32F7xx_HAL_Driver/Src/stm32f7xx_hal_tim_ex.o
 .comment       0x00000043       0x44 ./Middlewares/Third_Party/FreeRTOS/Source/CMSIS_RTOS/cmsis_os.o
 .comment       0x00000043       0x44 ./Middlewares/Third_Party/FreeRTOS/Source/list.o
 .comment       0x00000043       0x44 ./Middlewares/Third_Party/FreeRTOS/Source/tasks.o
 .comment       0x00000043       0x44 ./Middlewares/Third_Party/FreeRTOS/Source/portable/GCC/ARM_CM7/r0p1/port.o
 .comment       0x00000043       0x44 ./Middlewares/Third_Party/FreeRTOS/Source/portable/MemMang/heap_4.o

.debug_frame    0x00000000     0x4b84
 .debug_frame   0x00000000       0x38 ./Core/Src/freertos.o
 .debug_frame   0x00000038      0x18c ./Core/Src/main.o
 .debug_frame   0x000001c4       0xc4 ./Core/Src/stm32f7xx_hal_msp.o
 .debug_frame   0x00000288      0x150 ./Core/Src/stm32f7xx_it.o
 .debug_frame   0x000003d8       0x58 ./Core/Src/system_stm32f7xx.o
 .debug_frame   0x00000430      0x3b4 ./Drivers/STM32F7xx_HAL_Driver/Src/stm32f7xx_hal.o
 .debug_frame   0x000007e4      0x4e8 ./Drivers/STM32F7xx_HAL_Driver/Src/stm32f7xx_hal_cortex.o
 .debug_frame   0x00000ccc      0x250 ./Drivers/STM32F7xx_HAL_Driver/Src/stm32f7xx_hal_dma.o
 .debug_frame   0x00000f1c      0x14c ./Drivers/STM32F7xx_HAL_Driver/Src/stm32f7xx_hal_gpio.o
 .debug_frame   0x00001068      0x1c8 ./Drivers/STM32F7xx_HAL_Driver/Src/stm32f7xx_hal_pwr_ex.o
 .debug_frame   0x00001230      0x1f8 ./Drivers/STM32F7xx_HAL_Driver/Src/stm32f7xx_hal_rcc.o
 .debug_frame   0x00001428      0x860 ./Drivers/STM32F7xx_HAL_Driver/Src/stm32f7xx_hal_spi.o
 .debug_frame   0x00001c88     0x121c ./Drivers/STM32F7xx_HAL_Driver/Src/stm32f7xx_hal_tim.o
 .debug_frame   0x00002ea4      0x688 ./Drivers/STM32F7xx_HAL_Driver/Src/stm32f7xx_hal_tim_ex.o
 .debug_frame   0x0000352c      0x80c ./Middlewares/Third_Party/FreeRTOS/Source/CMSIS_RTOS/cmsis_os.o
 .debug_frame   0x00003d38       0xd8 ./Middlewares/Third_Party/FreeRTOS/Source/list.o
 .debug_frame   0x00003e10      0x734 ./Middlewares/Third_Party/FreeRTOS/Source/tasks.o
 .debug_frame   0x00004544      0x1a8 ./Middlewares/Third_Party/FreeRTOS/Source/portable/GCC/ARM_CM7/r0p1/port.o
 .debug_frame   0x000046ec      0x108 ./Middlewares/Third_Party/FreeRTOS/Source/portable/MemMang/heap_4.o
 .debug_frame   0x000047f4      0x144 /opt/st/stm32cubeide_1.16.0/plugins/com.st.stm32cube.ide.mcu.externaltools.gnu-tools-for-stm32.12.3.rel1.linux64_1.0.200.202406132123/tools/bin/../lib/gcc/arm-none-eabi/12.3.1/../../../../arm-none-eabi/lib/thumb/v7e-m+fp/hard/libc_nano.a(libc_a-findfp.o)
 .debug_frame   0x00004938       0x20 /opt/st/stm32cubeide_1.16.0/plugins/com.st.stm32cube.ide.mcu.externaltools.gnu-tools-for-stm32.12.3.rel1.linux64_1.0.200.202406132123/tools/bin/../lib/gcc/arm-none-eabi/12.3.1/../../../../arm-none-eabi/lib/thumb/v7e-m+fp/hard/libc_nano.a(libc_a-memset.o)
 .debug_frame   0x00004958       0x38 /opt/st/stm32cubeide_1.16.0/plugins/com.st.stm32cube.ide.mcu.externaltools.gnu-tools-for-stm32.12.3.rel1.linux64_1.0.200.202406132123/tools/bin/../lib/gcc/arm-none-eabi/12.3.1/../../../../arm-none-eabi/lib/thumb/v7e-m+fp/hard/libc_nano.a(libc_a-reent.o)
 .debug_frame   0x00004990       0x2c /opt/st/stm32cubeide_1.16.0/plugins/com.st.stm32cube.ide.mcu.externaltools.gnu-tools-for-stm32.12.3.rel1.linux64_1.0.200.202406132123/tools/bin/../lib/gcc/arm-none-eabi/12.3.1/../../../../arm-none-eabi/lib/thumb/v7e-m+fp/hard/libc_nano.a(libc_a-init.o)
 .debug_frame   0x000049bc       0xb0 /opt/st/stm32cubeide_1.16.0/plugins/com.st.stm32cube.ide.mcu.externaltools.gnu-tools-for-stm32.12.3.rel1.linux64_1.0.200.202406132123/tools/bin/../lib/gcc/arm-none-eabi/12.3.1/../../../../arm-none-eabi/lib/thumb/v7e-m+fp/hard/libc_nano.a(libc_a-lock.o)
 .debug_frame   0x00004a6c       0x38 /opt/st/stm32cubeide_1.16.0/plugins/com.st.stm32cube.ide.mcu.externaltools.gnu-tools-for-stm32.12.3.rel1.linux64_1.0.200.202406132123/tools/bin/../lib/gcc/arm-none-eabi/12.3.1/../../../../arm-none-eabi/lib/thumb/v7e-m+fp/hard/libc_nano.a(libc_a-freer.o)
 .debug_frame   0x00004aa4       0x50 /opt/st/stm32cubeide_1.16.0/plugins/com.st.stm32cube.ide.mcu.externaltools.gnu-tools-for-stm32.12.3.rel1.linux64_1.0.200.202406132123/tools/bin/../lib/gcc/arm-none-eabi/12.3.1/../../../../arm-none-eabi/lib/thumb/v7e-m+fp/hard/libc_nano.a(libc_a-mallocr.o)
 .debug_frame   0x00004af4       0x30 /opt/st/stm32cubeide_1.16.0/plugins/com.st.stm32cube.ide.mcu.externaltools.gnu-tools-for-stm32.12.3.rel1.linux64_1.0.200.202406132123/tools/bin/../lib/gcc/arm-none-eabi/12.3.1/../../../../arm-none-eabi/lib/thumb/v7e-m+fp/hard/libc_nano.a(libc_a-mlock.o)
 .debug_frame   0x00004b24       0x2c /opt/st/stm32cubeide_1.16.0/plugins/com.st.stm32cube.ide.mcu.externaltools.gnu-tools-for-stm32.12.3.rel1.linux64_1.0.200.202406132123/tools/bin/../lib/gcc/arm-none-eabi/12.3.1/thumb/v7e-m+fp/hard/libgcc.a(_aeabi_uldivmod.o)
 .debug_frame   0x00004b50       0x34 /opt/st/stm32cubeide_1.16.0/plugins/com.st.stm32cube.ide.mcu.externaltools.gnu-tools-for-stm32.12.3.rel1.linux64_1.0.200.202406132123/tools/bin/../lib/gcc/arm-none-eabi/12.3.1/thumb/v7e-m+fp/hard/libgcc.a(_udivmoddi4.o)

.debug_line_str
                0x00000000       0x48
 .debug_line_str
                0x00000000       0x48 ./Core/Startup/startup_stm32f746zgtx.o
