../Core/Src/main.c:83:5:main	72	static
../Core/Src/main.c:167:6:SystemClock_Config	88	static
../Core/Src/main.c:221:13:MX_SPI1_Init	8	static
../Core/Src/main.c:261:13:MX_TIM1_Init	56	static
../Core/Src/main.c:312:13:MX_TIM2_Init	56	static
../Core/Src/main.c:361:13:MX_TIM3_Init	56	static
../Core/Src/main.c:410:13:MX_TIM4_Init	56	static
../Core/Src/main.c:459:13:MX_GPIO_Init	56	static
../Core/Src/main.c:589:6:encoderTask	32	static
../Core/Src/main.c:607:6:joystickTask	16	static
../Core/Src/main.c:614:6:Error_Handler	4	static,ignoring_inline_asm
