Archive member included to satisfy reference by file (symbol)

/opt/st/stm32cubeide_1.16.0/plugins/com.st.stm32cube.ide.mcu.externaltools.gnu-tools-for-stm32.12.3.rel1.linux64_1.0.200.202406132123/tools/bin/../lib/gcc/arm-none-eabi/12.3.1/../../../../arm-none-eabi/lib/thumb/v7e-m+fp/hard/libc_nano.a(libc_a-exit.o)
                              /opt/st/stm32cubeide_1.16.0/plugins/com.st.stm32cube.ide.mcu.externaltools.gnu-tools-for-stm32.12.3.rel1.linux64_1.0.200.202406132123/tools/bin/../lib/gcc/arm-none-eabi/12.3.1/../../../../arm-none-eabi/lib/thumb/v7e-m+fp/hard/crt0.o (exit)
/opt/st/stm32cubeide_1.16.0/plugins/com.st.stm32cube.ide.mcu.externaltools.gnu-tools-for-stm32.12.3.rel1.linux64_1.0.200.202406132123/tools/bin/../lib/gcc/arm-none-eabi/12.3.1/../../../../arm-none-eabi/lib/thumb/v7e-m+fp/hard/libc_nano.a(libc_a-findfp.o)
                              /opt/st/stm32cubeide_1.16.0/plugins/com.st.stm32cube.ide.mcu.externaltools.gnu-tools-for-stm32.12.3.rel1.linux64_1.0.200.202406132123/tools/bin/../lib/gcc/arm-none-eabi/12.3.1/../../../../arm-none-eabi/lib/thumb/v7e-m+fp/hard/libc_nano.a(libc_a-exit.o) (__stdio_exit_handler)
/opt/st/stm32cubeide_1.16.0/plugins/com.st.stm32cube.ide.mcu.externaltools.gnu-tools-for-stm32.12.3.rel1.linux64_1.0.200.202406132123/tools/bin/../lib/gcc/arm-none-eabi/12.3.1/../../../../arm-none-eabi/lib/thumb/v7e-m+fp/hard/libc_nano.a(libc_a-fwalk.o)
                              /opt/st/stm32cubeide_1.16.0/plugins/com.st.stm32cube.ide.mcu.externaltools.gnu-tools-for-stm32.12.3.rel1.linux64_1.0.200.202406132123/tools/bin/../lib/gcc/arm-none-eabi/12.3.1/../../../../arm-none-eabi/lib/thumb/v7e-m+fp/hard/libc_nano.a(libc_a-findfp.o) (_fwalk_sglue)
/opt/st/stm32cubeide_1.16.0/plugins/com.st.stm32cube.ide.mcu.externaltools.gnu-tools-for-stm32.12.3.rel1.linux64_1.0.200.202406132123/tools/bin/../lib/gcc/arm-none-eabi/12.3.1/../../../../arm-none-eabi/lib/thumb/v7e-m+fp/hard/libc_nano.a(libc_a-stdio.o)
                              /opt/st/stm32cubeide_1.16.0/plugins/com.st.stm32cube.ide.mcu.externaltools.gnu-tools-for-stm32.12.3.rel1.linux64_1.0.200.202406132123/tools/bin/../lib/gcc/arm-none-eabi/12.3.1/../../../../arm-none-eabi/lib/thumb/v7e-m+fp/hard/libc_nano.a(libc_a-findfp.o) (__sread)
/opt/st/stm32cubeide_1.16.0/plugins/com.st.stm32cube.ide.mcu.externaltools.gnu-tools-for-stm32.12.3.rel1.linux64_1.0.200.202406132123/tools/bin/../lib/gcc/arm-none-eabi/12.3.1/../../../../arm-none-eabi/lib/thumb/v7e-m+fp/hard/libc_nano.a(libc_a-memset.o)
                              /opt/st/stm32cubeide_1.16.0/plugins/com.st.stm32cube.ide.mcu.externaltools.gnu-tools-for-stm32.12.3.rel1.linux64_1.0.200.202406132123/tools/bin/../lib/gcc/arm-none-eabi/12.3.1/../../../../arm-none-eabi/lib/thumb/v7e-m+fp/hard/crt0.o (memset)
/opt/st/stm32cubeide_1.16.0/plugins/com.st.stm32cube.ide.mcu.externaltools.gnu-tools-for-stm32.12.3.rel1.linux64_1.0.200.202406132123/tools/bin/../lib/gcc/arm-none-eabi/12.3.1/../../../../arm-none-eabi/lib/thumb/v7e-m+fp/hard/libc_nano.a(libc_a-closer.o)
                              /opt/st/stm32cubeide_1.16.0/plugins/com.st.stm32cube.ide.mcu.externaltools.gnu-tools-for-stm32.12.3.rel1.linux64_1.0.200.202406132123/tools/bin/../lib/gcc/arm-none-eabi/12.3.1/../../../../arm-none-eabi/lib/thumb/v7e-m+fp/hard/libc_nano.a(libc_a-stdio.o) (_close_r)
/opt/st/stm32cubeide_1.16.0/plugins/com.st.stm32cube.ide.mcu.externaltools.gnu-tools-for-stm32.12.3.rel1.linux64_1.0.200.202406132123/tools/bin/../lib/gcc/arm-none-eabi/12.3.1/../../../../arm-none-eabi/lib/thumb/v7e-m+fp/hard/libc_nano.a(libc_a-reent.o)
                              /opt/st/stm32cubeide_1.16.0/plugins/com.st.stm32cube.ide.mcu.externaltools.gnu-tools-for-stm32.12.3.rel1.linux64_1.0.200.202406132123/tools/bin/../lib/gcc/arm-none-eabi/12.3.1/../../../../arm-none-eabi/lib/thumb/v7e-m+fp/hard/libc_nano.a(libc_a-closer.o) (errno)
/opt/st/stm32cubeide_1.16.0/plugins/com.st.stm32cube.ide.mcu.externaltools.gnu-tools-for-stm32.12.3.rel1.linux64_1.0.200.202406132123/tools/bin/../lib/gcc/arm-none-eabi/12.3.1/../../../../arm-none-eabi/lib/thumb/v7e-m+fp/hard/libc_nano.a(libc_a-impure.o)
                              /opt/st/stm32cubeide_1.16.0/plugins/com.st.stm32cube.ide.mcu.externaltools.gnu-tools-for-stm32.12.3.rel1.linux64_1.0.200.202406132123/tools/bin/../lib/gcc/arm-none-eabi/12.3.1/../../../../arm-none-eabi/lib/thumb/v7e-m+fp/hard/libc_nano.a(libc_a-reent.o) (_impure_ptr)
/opt/st/stm32cubeide_1.16.0/plugins/com.st.stm32cube.ide.mcu.externaltools.gnu-tools-for-stm32.12.3.rel1.linux64_1.0.200.202406132123/tools/bin/../lib/gcc/arm-none-eabi/12.3.1/../../../../arm-none-eabi/lib/thumb/v7e-m+fp/hard/libc_nano.a(libc_a-lseekr.o)
                              /opt/st/stm32cubeide_1.16.0/plugins/com.st.stm32cube.ide.mcu.externaltools.gnu-tools-for-stm32.12.3.rel1.linux64_1.0.200.202406132123/tools/bin/../lib/gcc/arm-none-eabi/12.3.1/../../../../arm-none-eabi/lib/thumb/v7e-m+fp/hard/libc_nano.a(libc_a-stdio.o) (_lseek_r)
[...]
Memory Configuration

Name             Origin             Length             Attributes
RAM              0x20000000         0x00050000         xrw
FLASH            0x08000000         0x00100000         xr
*default*        0x00000000         0xffffffff

Linker script and memory map

LOAD /opt/st/stm32cubeide_1.16.0/plugins/com.st.stm32cube.ide.mcu.externaltools.gnu-tools-for-stm32.12.3.rel1.linux64_1.0.200.202406132123/tools/bin/../lib/gcc/arm-none-eabi/12.3.1/thumb/v7e-m+fp/hard/crti.o
LOAD /opt/st/stm32cubeide_1.16.0/plugins/com.st.stm32cube.ide.mcu.externaltools.gnu-tools-for-stm32.12.3.rel1.linux64_1.0.200.202406132123/tools/bin/../lib/gcc/arm-none-eabi/12.3.1/thumb/v7e-m+fp/hard/crtbegin.o
LOAD /opt/st/stm32cubeide_1.16.0/plugins/com.st.stm32cube.ide.mcu.externaltools.gnu-tools-for-stm32.12.3.rel1.linux64_1.0.200.202406132123/tools/bin/../lib/gcc/arm-none-eabi/12.3.1/../../../../arm-none-eabi/lib/thumb/v7e-m+fp/hard/crt0.o
LOAD ./Core/Src/main.o
LOAD ./Core/Src/stm32f7xx_hal_msp.o
LOAD ./Core/Src/stm32f7xx_it.o
LOAD ./Core/Src/syscalls.o
LOAD ./Core/Src/sysmem.o
LOAD ./Core/Src/system_stm32f7xx.o
LOAD ./Core/Startup/startup_stm32f746zgtx.o
LOAD ./Drivers/STM32F7xx_HAL_Driver/Src/stm32f7xx_hal.o
LOAD ./Drivers/STM32F7xx_HAL_Driver/Src/stm32f7xx_hal_cortex.o
LOAD ./Drivers/STM32F7xx_HAL_Driver/Src/stm32f7xx_hal_dma.o
LOAD ./Drivers/STM32F7xx_HAL_Driver/Src/stm32f7xx_hal_dma_ex.o
LOAD ./Drivers/STM32F7xx_HAL_Driver/Src/stm32f7xx_hal_exti.o
LOAD ./Drivers/STM32F7xx_HAL_Driver/Src/stm32f7xx_hal_flash.o
LOAD ./Drivers/STM32F7xx_HAL_Driver/Src/stm32f7xx_hal_flash_ex.o
LOAD ./Drivers/STM32F7xx_HAL_Driver/Src/stm32f7xx_hal_gpio.o
LOAD ./Drivers/STM32F7xx_HAL_Driver/Src/stm32f7xx_hal_i2c.o
LOAD ./Drivers/STM32F7xx_HAL_Driver/Src/stm32f7xx_hal_i2c_ex.o
LOAD ./Drivers/STM32F7xx_HAL_Driver/Src/stm32f7xx_hal_pwr.o
LOAD ./Drivers/STM32F7xx_HAL_Driver/Src/stm32f7xx_hal_pwr_ex.o
LOAD ./Drivers/STM32F7xx_HAL_Driver/Src/stm32f7xx_hal_rcc.o
LOAD ./Drivers/STM32F7xx_HAL_Driver/Src/stm32f7xx_hal_rcc_ex.o
LOAD ./Drivers/STM32F7xx_HAL_Driver/Src/stm32f7xx_hal_spi.o
LOAD ./Drivers/STM32F7xx_HAL_Driver/Src/stm32f7xx_hal_spi_ex.o
LOAD ./Drivers/STM32F7xx_HAL_Driver/Src/stm32f7xx_hal_tim.o
LOAD ./Drivers/STM32F7xx_HAL_Driver/Src/stm32f7xx_hal_tim_ex.o
START GROUP
LOAD /opt/st/stm32cubeide_1.16.0/plugins/com.st.stm32cube.ide.mcu.externaltools.gnu-tools-for-stm32.12.3.rel1.linux64_1.0.200.202406132123/tools/bin/../lib/gcc/arm-none-eabi/12.3.1/../../../../arm-none-eabi/lib/thumb/v7e-m+fp/hard/libc_nano.a
LOAD /opt/st/stm32cubeide_1.16.0/plugins/com.st.stm32cube.ide.mcu.externaltools.gnu-tools-for-stm32.12.3.rel1.linux64_1.0.200.202406132123/tools/bin/../lib/gcc/arm-none-eabi/12.3.1/../../../../arm-none-eabi/lib/thumb/v7e-m+fp/hard/libm.a
END GROUP
START GROUP
LOAD /opt/st/stm32cubeide_1.16.0/plugins/com.st.stm32cube.ide.mcu.externaltools.gnu-tools-for-stm32.12.3.rel1.linux64_1.0.200.202406132123/tools/bin/../lib/gcc/arm-none-eabi/12.3.1/thumb/v7e-m+fp/hard/libgcc.a
LOAD /opt/st/stm32cubeide_1.16.0/plugins/com.st.stm32cube.ide.mcu.externaltools.gnu-tools-for-stm32.12.3.rel1.linux64_1.0.200.202406132123/tools/bin/../lib/gcc/arm-none-eabi/12.3.1/../../../../arm-none-eabi/lib/thumb/v7e-m+fp/hard/libc_nano.a
END GROUP
START GROUP
LOAD /opt/st/stm32cubeide_1.16.0/plugins/com.st.stm32cube.ide.mcu.externaltools.gnu-tools-for-stm32.12.3.rel1.linux64_1.0.200.202406132123/tools/bin/../lib/gcc/arm-none-eabi/12.3.1/thumb/v7e-m+fp/hard/libgcc.a
LOAD /opt/st/stm32cubeide_1.16.0/plugins/com.st.stm32cube.ide.mcu.externaltools.gnu-tools-for-stm32.12.3.rel1.linux64_1.0.200.202406132123/tools/bin/../lib/gcc/arm-none-eabi/12.3.1/../../../../arm-none-eabi/lib/thumb/v7e-m+fp/hard/libc_nano.a
LOAD /opt/st/stm32cubeide_1.16.0/plugins/com.st.stm32cube.ide.mcu.externaltools.gnu-tools-for-stm32.12.3.rel1.linux64_1.0.200.202406132123/tools/bin/../lib/gcc/arm-none-eabi/12.3.1/../../../../arm-none-eabi/lib/thumb/v7e-m+fp/hard/libnosys.a
END GROUP
START GROUP
LOAD /opt/st/stm32cubeide_1.16.0/plugins/com.st.stm32cube.ide.mcu.externaltools.gnu-tools-for-stm32.12.3.rel1.linux64_1.0.200.202406132123/tools/bin/../lib/gcc/arm-none-eabi/12.3.1/thumb/v7e-m+fp/hard/libgcc.a
LOAD /opt/st/stm32cubeide_1.16.0/plugins/com.st.stm32cube.ide.mcu.externaltools.gnu-tools-for-stm32.12.3.rel1.linux64_1.0.200.202406132123/tools/bin/../lib/gcc/arm-none-eabi/12.3.1/../../../../arm-none-eabi/lib/thumb/v7e-m+fp/hard/libc_nano.a
LOAD /opt/st/stm32cubeide_1.16.0/plugins/com.st.stm32cube.ide.mcu.externaltools.gnu-tools-for-stm32.12.3.rel1.linux64_1.0.200.202406132123/tools/bin/../lib/gcc/arm-none-eabi/12.3.1/../../../../arm-none-eabi/lib/thumb/v7e-m+fp/hard/libnosys.a
END GROUP
LOAD /opt/st/stm32cubeide_1.16.0/plugins/com.st.stm32cube.ide.mcu.externaltools.gnu-tools-for-stm32.12.3.rel1.linux64_1.0.200.202406132123/tools/bin/../lib/gcc/arm-none-eabi/12.3.1/thumb/v7e-m+fp/hard/crtend.o
LOAD /opt/st/stm32cubeide_1.16.0/plugins/com.st.stm32cube.ide.mcu.externaltools.gnu-tools-for-stm32.12.3.rel1.linux64_1.0.200.202406132123/tools/bin/../lib/gcc/arm-none-eabi/12.3.1/thumb/v7e-m+fp/hard/crtn.o
                0x20050000                        _estack = (ORIGIN (RAM) + LENGTH (RAM))
                0x00000200                        _Min_Heap_Size = 0x200
                0x00000400                        _Min_Stack_Size = 0x400

.isr_vector     0x08000000      0x1c8
                0x08000000                        . = ALIGN (0x4)
 *(.isr_vector)
 .isr_vector    0x08000000      0x1c8 ./Core/Startup/startup_stm32f746zgtx.o
                0x08000000                g_pfnVectors
                0x080001c8                        . = ALIGN (0x4)

.text           0x080001c8     0x27a4
                0x080001c8                        . = ALIGN (0x4)
 *(.text)
 .text          0x080001c8       0x40 /opt/st/stm32cubeide_1.16.0/plugins/com.st.stm32cube.ide.mcu.externaltools.gnu-tools-for-stm32.12.3.rel1.linux64_1.0.200.202406132123/tools/bin/../lib/gcc/arm-none-eabi/12.3.1/thumb/v7e-m+fp/hard/crtbegin.o
 .text          0x08000208       0x30 /opt/st/stm32cubeide_1.16.0/plugins/com.st.stm32cube.ide.mcu.externaltools.gnu-tools-for-stm32.12.3.rel1.linux64_1.0.200.202406132123/tools/bin/../lib/gcc/arm-none-eabi/12.3.1/thumb/v7e-m+fp/hard/libgcc.a(_aeabi_uldivmod.o)
                0x08000208                __aeabi_uldivmod
 .text          0x08000238      0x2bc /opt/st/stm32cubeide_1.16.0/plugins/com.st.stm32cube.ide.mcu.externaltools.gnu-tools-for-stm32.12.3.rel1.linux64_1.0.200.202406132123/tools/bin/../lib/gcc/arm-none-eabi/12.3.1/thumb/v7e-m+fp/hard/libgcc.a(_udivmoddi4.o)
                0x08000238                __udivmoddi4
 .text          0x080004f4        0x4 /opt/st/stm32cubeide_1.16.0/plugins/com.st.stm32cube.ide.mcu.externaltools.gnu-tools-for-stm32.12.3.rel1.linux64_1.0.200.202406132123/tools/bin/../lib/gcc/arm-none-eabi/12.3.1/thumb/v7e-m+fp/hard/libgcc.a(_dvmd_tls.o)
                0x080004f4                __aeabi_ldiv0
                0x080004f4                __aeabi_idiv0
 *(.text*)
 .text.main     0x080004f8       0x28 ./Core/Src/main.o
                0x080004f8                main
 .text.SystemClock_Config
                0x08000520       0xd8 ./Core/Src/main.o
                0x08000520                SystemClock_Config
 .text.MX_SPI1_Init
                0x080005f8       0x7c ./Core/Src/main.o
 .text.MX_TIM1_Init
                0x08000674       0xb4 ./Core/Src/main.o
 .text.MX_TIM2_Init
                0x08000728       0xa8 ./Core/Src/main.o
 .text.MX_TIM3_Init
                0x080007d0       0xac ./Core/Src/main.o
 .text.MX_TIM4_Init
                0x0800087c       0xac ./Core/Src/main.o
 .text.MX_GPIO_Init
                0x08000928      0x118 ./Core/Src/main.o
 .text.Error_Handler
                0x08000a40        0xc ./Core/Src/main.o
                0x08000a40                Error_Handler
 .text.HAL_MspInit
                0x08000a4c       0x48 ./Core/Src/stm32f7xx_hal_msp.o
                0x08000a4c                HAL_MspInit
 .text.HAL_SPI_MspInit
                0x08000a94       0xd4 ./Core/Src/stm32f7xx_hal_msp.o
                0x08000a94                HAL_SPI_MspInit
 .text.HAL_TIM_Encoder_MspInit
                0x08000b68      0x1f0 ./Core/Src/stm32f7xx_hal_msp.o
                0x08000b68                HAL_TIM_Encoder_MspInit
 .text.NMI_Handler
                0x08000d58        0x8 ./Core/Src/stm32f7xx_it.o
                0x08000d58                NMI_Handler
 .text.HardFault_Handler
                0x08000d60        0x8 ./Core/Src/stm32f7xx_it.o
                0x08000d60                HardFault_Handler
 .text.MemManage_Handler
                0x08000d68        0x8 ./Core/Src/stm32f7xx_it.o
                0x08000d68                MemManage_Handler
 .text.BusFault_Handler
                0x08000d70        0x8 ./Core/Src/stm32f7xx_it.o
                0x08000d70                BusFault_Handler
 .text.UsageFault_Handler
                0x08000d78        0x8 ./Core/Src/stm32f7xx_it.o
                0x08000d78                UsageFault_Handler
 .text.SVC_Handler
                0x08000d80        0xe ./Core/Src/stm32f7xx_it.o
                0x08000d80                SVC_Handler
 .text.DebugMon_Handler
                0x08000d8e        0xe ./Core/Src/stm32f7xx_it.o
                0x08000d8e                DebugMon_Handler
 .text.PendSV_Handler
                0x08000d9c        0xe ./Core/Src/stm32f7xx_it.o
                0x08000d9c                PendSV_Handler
 .text.SysTick_Handler
                0x08000daa        0xc ./Core/Src/stm32f7xx_it.o
                0x08000daa                SysTick_Handler
 *fill*         0x08000db6        0x2 
 .text.TIM1_CC_IRQHandler
                0x08000db8       0x14 ./Core/Src/stm32f7xx_it.o
                0x08000db8                TIM1_CC_IRQHandler
 .text.TIM2_IRQHandler
                0x08000dcc       0x14 ./Core/Src/stm32f7xx_it.o
                0x08000dcc                TIM2_IRQHandler
 .text.TIM3_IRQHandler
                0x08000de0       0x14 ./Core/Src/stm32f7xx_it.o
                0x08000de0                TIM3_IRQHandler
 .text.TIM4_IRQHandler
                0x08000df4       0x14 ./Core/Src/stm32f7xx_it.o
                0x08000df4                TIM4_IRQHandler
 .text.SPI1_IRQHandler
                0x08000e08       0x14 ./Core/Src/stm32f7xx_it.o
                0x08000e08                SPI1_IRQHandler
 .text.SystemInit
                0x08000e1c       0x24 ./Core/Src/system_stm32f7xx.o
                0x08000e1c                SystemInit
 .text.Reset_Handler
                0x08000e40       0x50 ./Core/Startup/startup_stm32f746zgtx.o
                0x08000e40                Reset_Handler
 .text.Default_Handler
                0x08000e90        0x2 ./Core/Startup/startup_stm32f746zgtx.o
                0x08000e90                RTC_Alarm_IRQHandler
                0x08000e90                EXTI2_IRQHandler
                0x08000e90                TIM8_CC_IRQHandler
                0x08000e90                UART8_IRQHandler
                0x08000e90                SPI4_IRQHandler
                0x08000e90                DMA2_Stream5_IRQHandler
                0x08000e90                DMA1_Stream5_IRQHandler
                0x08000e90                PVD_IRQHandler
                0x08000e90                TAMP_STAMP_IRQHandler
                0x08000e90                CAN2_RX1_IRQHandler
                0x08000e90                EXTI3_IRQHandler
                0x08000e90                TIM8_TRG_COM_TIM14_IRQHandler
                0x08000e90                TIM1_UP_TIM10_IRQHandler
                0x08000e90                TIM8_UP_TIM13_IRQHandler
                0x08000e90                I2C3_ER_IRQHandler
                0x08000e90                EXTI0_IRQHandler
                0x08000e90                I2C2_EV_IRQHandler
                0x08000e90                DMA1_Stream2_IRQHandler
                0x08000e90                CAN1_RX0_IRQHandler
                0x08000e90                FPU_IRQHandler
                0x08000e90                OTG_HS_WKUP_IRQHandler
                0x08000e90                LTDC_ER_IRQHandler
                0x08000e90                CAN2_SCE_IRQHandler
                0x08000e90                DMA2_Stream2_IRQHandler
                0x08000e90                TIM6_DAC_IRQHandler
                0x08000e90                TIM1_BRK_TIM9_IRQHandler
                0x08000e90                DCMI_IRQHandler
                0x08000e90                CAN2_RX0_IRQHandler
                0x08000e90                DMA2_Stream3_IRQHandler
                0x08000e90                SAI2_IRQHandler
                0x08000e90                USART6_IRQHandler
                0x08000e90                USART3_IRQHandler
                0x08000e90                CAN1_RX1_IRQHandler
                0x08000e90                UART5_IRQHandler
                0x08000e90                DMA2_Stream0_IRQHandler
                0x08000e90                QUADSPI_IRQHandler
                0x08000e90                I2C1_EV_IRQHandler
                0x08000e90                DMA1_Stream6_IRQHandler
                0x08000e90                DMA1_Stream1_IRQHandler
                0x08000e90                UART4_IRQHandler
                0x08000e90                RCC_IRQHandler
                0x08000e90                TIM8_BRK_TIM12_IRQHandler
                0x08000e90                Default_Handler
                0x08000e90                CEC_IRQHandler
                0x08000e90                EXTI15_10_IRQHandler
                0x08000e90                ADC_IRQHandler
                0x08000e90                DMA1_Stream7_IRQHandler
                0x08000e90                SPI5_IRQHandler
                0x08000e90                TIM7_IRQHandler
                0x08000e90                SDMMC1_IRQHandler
                0x08000e90                CAN2_TX_IRQHandler
                0x08000e90                TIM5_IRQHandler
                0x08000e90                DMA2_Stream7_IRQHandler
                0x08000e90                I2C3_EV_IRQHandler
                0x08000e90                EXTI9_5_IRQHandler
                0x08000e90                RTC_WKUP_IRQHandler
                0x08000e90                LTDC_IRQHandler
                0x08000e90                ETH_WKUP_IRQHandler
                0x08000e90                SPDIF_RX_IRQHandler
                0x08000e90                SPI2_IRQHandler
                0x08000e90                OTG_HS_EP1_IN_IRQHandler
                0x08000e90                DMA1_Stream0_IRQHandler
                0x08000e90                CAN1_TX_IRQHandler
                0x08000e90                EXTI4_IRQHandler
                0x08000e90                RNG_IRQHandler
                0x08000e90                ETH_IRQHandler
                0x08000e90                OTG_HS_EP1_OUT_IRQHandler
                0x08000e90                WWDG_IRQHandler
                0x08000e90                SPI6_IRQHandler
                0x08000e90                I2C4_EV_IRQHandler
                0x08000e90                OTG_FS_WKUP_IRQHandler
                0x08000e90                TIM1_TRG_COM_TIM11_IRQHandler
                0x08000e90                OTG_HS_IRQHandler
                0x08000e90                DMA2D_IRQHandler
                0x08000e90                EXTI1_IRQHandler
                0x08000e90                UART7_IRQHandler
                0x08000e90                USART2_IRQHandler
                0x08000e90                I2C2_ER_IRQHandler
                0x08000e90                DMA2_Stream1_IRQHandler
                0x08000e90                CAN1_SCE_IRQHandler
                0x08000e90                FLASH_IRQHandler
                0x08000e90                DMA2_Stream4_IRQHandler
                0x08000e90                USART1_IRQHandler
                0x08000e90                OTG_FS_IRQHandler
                0x08000e90                SPI3_IRQHandler
                0x08000e90                DMA1_Stream4_IRQHandler
                0x08000e90                I2C1_ER_IRQHandler
                0x08000e90                FMC_IRQHandler
                0x08000e90                LPTIM1_IRQHandler
                0x08000e90                I2C4_ER_IRQHandler
                0x08000e90                DMA2_Stream6_IRQHandler
                0x08000e90                SAI1_IRQHandler
                0x08000e90                DMA1_Stream3_IRQHandler
 .text.HAL_Init
                0x08000e92       0x1a ./Drivers/STM32F7xx_HAL_Driver/Src/stm32f7xx_hal.o
                0x08000e92                HAL_Init
 .text.HAL_InitTick
                0x08000eac       0x60 ./Drivers/STM32F7xx_HAL_Driver/Src/stm32f7xx_hal.o
                0x08000eac                HAL_InitTick
 .text.HAL_IncTick
                0x08000f0c       0x28 ./Drivers/STM32F7xx_HAL_Driver/Src/stm32f7xx_hal.o
                0x08000f0c                HAL_IncTick
 .text.HAL_GetTick
                0x08000f34       0x18 ./Drivers/STM32F7xx_HAL_Driver/Src/stm32f7xx_hal.o
                0x08000f34                HAL_GetTick
 .text.__NVIC_SetPriorityGrouping
                0x08000f4c       0x48 ./Drivers/STM32F7xx_HAL_Driver/Src/stm32f7xx_hal_cortex.o
 .text.__NVIC_GetPriorityGrouping
                0x08000f94       0x1c ./Drivers/STM32F7xx_HAL_Driver/Src/stm32f7xx_hal_cortex.o
 .text.__NVIC_EnableIRQ
                0x08000fb0       0x3c ./Drivers/STM32F7xx_HAL_Driver/Src/stm32f7xx_hal_cortex.o
 .text.__NVIC_SetPriority
                0x08000fec       0x54 ./Drivers/STM32F7xx_HAL_Driver/Src/stm32f7xx_hal_cortex.o
 .text.NVIC_EncodePriority
                0x08001040       0x66 ./Drivers/STM32F7xx_HAL_Driver/Src/stm32f7xx_hal_cortex.o
 *fill*         0x080010a6        0x2 
 .text.SysTick_Config
                0x080010a8       0x44 ./Drivers/STM32F7xx_HAL_Driver/Src/stm32f7xx_hal_cortex.o
 .text.HAL_NVIC_SetPriorityGrouping
                0x080010ec       0x16 ./Drivers/STM32F7xx_HAL_Driver/Src/stm32f7xx_hal_cortex.o
                0x080010ec                HAL_NVIC_SetPriorityGrouping
 .text.HAL_NVIC_SetPriority
                0x08001102       0x38 ./Drivers/STM32F7xx_HAL_Driver/Src/stm32f7xx_hal_cortex.o
                0x08001102                HAL_NVIC_SetPriority
 .text.HAL_NVIC_EnableIRQ
                0x0800113a       0x1c ./Drivers/STM32F7xx_HAL_Driver/Src/stm32f7xx_hal_cortex.o
                0x0800113a                HAL_NVIC_EnableIRQ
 .text.HAL_SYSTICK_Config
                0x08001156       0x18 ./Drivers/STM32F7xx_HAL_Driver/Src/stm32f7xx_hal_cortex.o
                0x08001156                HAL_SYSTICK_Config
 .text.HAL_DMA_Abort_IT
                0x0800116e       0x44 ./Drivers/STM32F7xx_HAL_Driver/Src/stm32f7xx_hal_dma.o
                0x0800116e                HAL_DMA_Abort_IT
 *fill*         0x080011b2        0x2 
 .text.HAL_GPIO_Init
                0x080011b4      0x358 ./Drivers/STM32F7xx_HAL_Driver/Src/stm32f7xx_hal_gpio.o
                0x080011b4                HAL_GPIO_Init
 .text.HAL_GPIO_WritePin
                0x0800150c       0x32 ./Drivers/STM32F7xx_HAL_Driver/Src/stm32f7xx_hal_gpio.o
                0x0800150c                HAL_GPIO_WritePin
 *fill*         0x0800153e        0x2 
 .text.HAL_PWREx_EnableOverDrive
                0x08001540       0xa0 ./Drivers/STM32F7xx_HAL_Driver/Src/stm32f7xx_hal_pwr_ex.o
                0x08001540                HAL_PWREx_EnableOverDrive
 .text.HAL_RCC_OscConfig
                0x080015e0      0x548 ./Drivers/STM32F7xx_HAL_Driver/Src/stm32f7xx_hal_rcc.o
                0x080015e0                HAL_RCC_OscConfig
 .text.HAL_RCC_ClockConfig
                0x08001b28      0x1d8 ./Drivers/STM32F7xx_HAL_Driver/Src/stm32f7xx_hal_rcc.o
                0x08001b28                HAL_RCC_ClockConfig
 .text.HAL_RCC_GetSysClockFreq
                0x08001d00      0x20c ./Drivers/STM32F7xx_HAL_Driver/Src/stm32f7xx_hal_rcc.o
                0x08001d00                HAL_RCC_GetSysClockFreq
 .text.HAL_SPI_Init
                0x08001f0c      0x156 ./Drivers/STM32F7xx_HAL_Driver/Src/stm32f7xx_hal_spi.o
                0x08001f0c                HAL_SPI_Init
 *fill*         0x08002062        0x2 
 .text.HAL_SPI_IRQHandler
                0x08002064      0x1e8 ./Drivers/STM32F7xx_HAL_Driver/Src/stm32f7xx_hal_spi.o
                0x08002064                HAL_SPI_IRQHandler
 .text.HAL_SPI_ErrorCallback
                0x0800224c       0x14 ./Drivers/STM32F7xx_HAL_Driver/Src/stm32f7xx_hal_spi.o
                0x0800224c                HAL_SPI_ErrorCallback
 .text.SPI_DMAAbortOnError
                0x08002260       0x2a ./Drivers/STM32F7xx_HAL_Driver/Src/stm32f7xx_hal_spi.o
 *fill*         0x0800228a        0x2 
 .text.HAL_TIM_Encoder_Init
                0x0800228c      0x14c ./Drivers/STM32F7xx_HAL_Driver/Src/stm32f7xx_hal_tim.o
                0x0800228c                HAL_TIM_Encoder_Init
 .text.HAL_TIM_IRQHandler
                0x080023d8      0x20e ./Drivers/STM32F7xx_HAL_Driver/Src/stm32f7xx_hal_tim.o
                0x080023d8                HAL_TIM_IRQHandler
 .text.HAL_TIM_PeriodElapsedCallback
                0x080025e6       0x14 ./Drivers/STM32F7xx_HAL_Driver/Src/stm32f7xx_hal_tim.o
                0x080025e6                HAL_TIM_PeriodElapsedCallback
 .text.HAL_TIM_OC_DelayElapsedCallback
                0x080025fa       0x14 ./Drivers/STM32F7xx_HAL_Driver/Src/stm32f7xx_hal_tim.o
                0x080025fa                HAL_TIM_OC_DelayElapsedCallback
 .text.HAL_TIM_IC_CaptureCallback
                0x0800260e       0x14 ./Drivers/STM32F7xx_HAL_Driver/Src/stm32f7xx_hal_tim.o
                0x0800260e                HAL_TIM_IC_CaptureCallback
 .text.HAL_TIM_PWM_PulseFinishedCallback
                0x08002622       0x14 ./Drivers/STM32F7xx_HAL_Driver/Src/stm32f7xx_hal_tim.o
                0x08002622                HAL_TIM_PWM_PulseFinishedCallback
 .text.HAL_TIM_TriggerCallback
                0x08002636       0x14 ./Drivers/STM32F7xx_HAL_Driver/Src/stm32f7xx_hal_tim.o
                0x08002636                HAL_TIM_TriggerCallback
 *fill*         0x0800264a        0x2 
 .text.TIM_Base_SetConfig
                0x0800264c      0x158 ./Drivers/STM32F7xx_HAL_Driver/Src/stm32f7xx_hal_tim.o
                0x0800264c                TIM_Base_SetConfig
 .text.HAL_TIMEx_MasterConfigSynchronization
                0x080027a4      0x11c ./Drivers/STM32F7xx_HAL_Driver/Src/stm32f7xx_hal_tim_ex.o
                0x080027a4                HAL_TIMEx_MasterConfigSynchronization
 .text.HAL_TIMEx_CommutCallback
                0x080028c0       0x14 ./Drivers/STM32F7xx_HAL_Driver/Src/stm32f7xx_hal_tim_ex.o
                0x080028c0                HAL_TIMEx_CommutCallback
 .text.HAL_TIMEx_BreakCallback
                0x080028d4       0x14 ./Drivers/STM32F7xx_HAL_Driver/Src/stm32f7xx_hal_tim_ex.o
                0x080028d4                HAL_TIMEx_BreakCallback
 .text.HAL_TIMEx_Break2Callback
                0x080028e8       0x14 ./Drivers/STM32F7xx_HAL_Driver/Src/stm32f7xx_hal_tim_ex.o
                0x080028e8                HAL_TIMEx_Break2Callback
 .text.memset   0x080028fc       0x10 /opt/st/stm32cubeide_1.16.0/plugins/com.st.stm32cube.ide.mcu.externaltools.gnu-tools-for-stm32.12.3.rel1.linux64_1.0.200.202406132123/tools/bin/../lib/gcc/arm-none-eabi/12.3.1/../../../../arm-none-eabi/lib/thumb/v7e-m+fp/hard/libc_nano.a(libc_a-memset.o)
                0x080028fc                memset
 .text.__libc_init_array
                0x0800290c       0x48 /opt/st/stm32cubeide_1.16.0/plugins/com.st.stm32cube.ide.mcu.externaltools.gnu-tools-for-stm32.12.3.rel1.linux64_1.0.200.202406132123/tools/bin/../lib/gcc/arm-none-eabi/12.3.1/../../../../arm-none-eabi/lib/thumb/v7e-m+fp/hard/libc_nano.a(libc_a-init.o)
                0x0800290c                __libc_init_array
 *(.glue_7)
 .glue_7        0x08002954        0x0 linker stubs
 *(.glue_7t)
 .glue_7t       0x08002954        0x0 linker stubs
 *(.eh_frame)
 .eh_frame      0x08002954        0x0 /opt/st/stm32cubeide_1.16.0/plugins/com.st.stm32cube.ide.mcu.externaltools.gnu-tools-for-stm32.12.3.rel1.linux64_1.0.200.202406132123/tools/bin/../lib/gcc/arm-none-eabi/12.3.1/thumb/v7e-m+fp/hard/crtbegin.o
 *(.init)
 .init          0x08002954        0x4 /opt/st/stm32cubeide_1.16.0/plugins/com.st.stm32cube.ide.mcu.externaltools.gnu-tools-for-stm32.12.3.rel1.linux64_1.0.200.202406132123/tools/bin/../lib/gcc/arm-none-eabi/12.3.1/thumb/v7e-m+fp/hard/crti.o
                0x08002954                _init
 .init          0x08002958        0x8 /opt/st/stm32cubeide_1.16.0/plugins/com.st.stm32cube.ide.mcu.externaltools.gnu-tools-for-stm32.12.3.rel1.linux64_1.0.200.202406132123/tools/bin/../lib/gcc/arm-none-eabi/12.3.1/thumb/v7e-m+fp/hard/crtn.o
 *(.fini)
 .fini          0x08002960        0x4 /opt/st/stm32cubeide_1.16.0/plugins/com.st.stm32cube.ide.mcu.externaltools.gnu-tools-for-stm32.12.3.rel1.linux64_1.0.200.202406132123/tools/bin/../lib/gcc/arm-none-eabi/12.3.1/thumb/v7e-m+fp/hard/crti.o
                0x08002960                _fini
 .fini          0x08002964        0x8 /opt/st/stm32cubeide_1.16.0/plugins/com.st.stm32cube.ide.mcu.externaltools.gnu-tools-for-stm32.12.3.rel1.linux64_1.0.200.202406132123/tools/bin/../lib/gcc/arm-none-eabi/12.3.1/thumb/v7e-m+fp/hard/crtn.o
                0x0800296c                        . = ALIGN (0x4)
                0x0800296c                        _etext = .

.vfp11_veneer   0x0800296c        0x0
 .vfp11_veneer  0x0800296c        0x0 linker stubs

.v4_bx          0x0800296c        0x0
 .v4_bx         0x0800296c        0x0 linker stubs

.iplt           0x0800296c        0x0
 .iplt          0x0800296c        0x0 /opt/st/stm32cubeide_1.16.0/plugins/com.st.stm32cube.ide.mcu.externaltools.gnu-tools-for-stm32.12.3.rel1.linux64_1.0.200.202406132123/tools/bin/../lib/gcc/arm-none-eabi/12.3.1/thumb/v7e-m+fp/hard/crtbegin.o

.rodata         0x0800296c       0x10
                0x0800296c                        . = ALIGN (0x4)
 *(.rodata)
 *(.rodata*)
 .rodata.AHBPrescTable
                0x0800296c       0x10 ./Core/Src/system_stm32f7xx.o
                0x0800296c                AHBPrescTable
                0x0800297c                        . = ALIGN (0x4)

.ARM.extab      0x0800297c        0x0
                0x0800297c                        . = ALIGN (0x4)
 *(.ARM.extab* .gnu.linkonce.armextab.*)
                0x0800297c                        . = ALIGN (0x4)

.ARM            0x0800297c        0x8
                0x0800297c                        . = ALIGN (0x4)
                0x0800297c                        __exidx_start = .
 *(.ARM.exidx*)
 .ARM.exidx     0x0800297c        0x8 /opt/st/stm32cubeide_1.16.0/plugins/com.st.stm32cube.ide.mcu.externaltools.gnu-tools-for-stm32.12.3.rel1.linux64_1.0.200.202406132123/tools/bin/../lib/gcc/arm-none-eabi/12.3.1/thumb/v7e-m+fp/hard/libgcc.a(_udivmoddi4.o)
                0x08002984                        __exidx_end = .
                0x08002984                        . = ALIGN (0x4)

.preinit_array  0x08002984        0x0
                0x08002984                        . = ALIGN (0x4)
                0x08002984                        PROVIDE (__preinit_array_start = .)
 *(.preinit_array*)
                0x08002984                        PROVIDE (__preinit_array_end = .)
                0x08002984                        . = ALIGN (0x4)

.init_array     0x08002984        0x4
                0x08002984                        . = ALIGN (0x4)
                0x08002984                        PROVIDE (__init_array_start = .)
 *(SORT_BY_NAME(.init_array.*))
 *(.init_array*)
 .init_array    0x08002984        0x4 /opt/st/stm32cubeide_1.16.0/plugins/com.st.stm32cube.ide.mcu.externaltools.gnu-tools-for-stm32.12.3.rel1.linux64_1.0.200.202406132123/tools/bin/../lib/gcc/arm-none-eabi/12.3.1/thumb/v7e-m+fp/hard/crtbegin.o
                0x08002988                        PROVIDE (__init_array_end = .)
                0x08002988                        . = ALIGN (0x4)

.fini_array     0x08002988        0x4
                0x08002988                        . = ALIGN (0x4)
                [!provide]                        PROVIDE (__fini_array_start = .)
 *(SORT_BY_NAME(.fini_array.*))
 *(.fini_array*)
 .fini_array    0x08002988        0x4 /opt/st/stm32cubeide_1.16.0/plugins/com.st.stm32cube.ide.mcu.externaltools.gnu-tools-for-stm32.12.3.rel1.linux64_1.0.200.202406132123/tools/bin/../lib/gcc/arm-none-eabi/12.3.1/thumb/v7e-m+fp/hard/crtbegin.o
                [!provide]                        PROVIDE (__fini_array_end = .)
                0x0800298c                        . = ALIGN (0x4)
                0x0800298c                        _sidata = LOADADDR (.data)

.rel.dyn        0x0800298c        0x0
 .rel.iplt      0x0800298c        0x0 /opt/st/stm32cubeide_1.16.0/plugins/com.st.stm32cube.ide.mcu.externaltools.gnu-tools-for-stm32.12.3.rel1.linux64_1.0.200.202406132123/tools/bin/../lib/gcc/arm-none-eabi/12.3.1/thumb/v7e-m+fp/hard/crtbegin.o

.data           0x20000000        0xc load address 0x0800298c
                0x20000000                        . = ALIGN (0x4)
                0x20000000                        _sdata = .
 *(.data)
 *(.data*)
 .data.SystemCoreClock
                0x20000000        0x4 ./Core/Src/system_stm32f7xx.o
                0x20000000                SystemCoreClock
 .data.uwTickPrio
                0x20000004        0x4 ./Drivers/STM32F7xx_HAL_Driver/Src/stm32f7xx_hal.o
                0x20000004                uwTickPrio
 .data.uwTickFreq
                0x20000008        0x1 ./Drivers/STM32F7xx_HAL_Driver/Src/stm32f7xx_hal.o
                0x20000008                uwTickFreq
 *(.RamFunc)
 *(.RamFunc*)
                0x2000000c                        . = ALIGN (0x4)
 *fill*         0x20000009        0x3 
                0x2000000c                        _edata = .

.igot.plt       0x2000000c        0x0 load address 0x08002998
 .igot.plt      0x2000000c        0x0 /opt/st/stm32cubeide_1.16.0/plugins/com.st.stm32cube.ide.mcu.externaltools.gnu-tools-for-stm32.12.3.rel1.linux64_1.0.200.202406132123/tools/bin/../lib/gcc/arm-none-eabi/12.3.1/thumb/v7e-m+fp/hard/crtbegin.o
                0x2000000c                        . = ALIGN (0x4)

.bss            0x2000000c      0x1b4 load address 0x08002998
                0x2000000c                        _sbss = .
                0x2000000c                        __bss_start__ = _sbss
 *(.bss)
 .bss           0x2000000c       0x1c /opt/st/stm32cubeide_1.16.0/plugins/com.st.stm32cube.ide.mcu.externaltools.gnu-tools-for-stm32.12.3.rel1.linux64_1.0.200.202406132123/tools/bin/../lib/gcc/arm-none-eabi/12.3.1/thumb/v7e-m+fp/hard/crtbegin.o
 *(.bss*)
 .bss.hspi1     0x20000028       0x64 ./Core/Src/main.o
                0x20000028                hspi1
 .bss.htim1     0x2000008c       0x4c ./Core/Src/main.o
                0x2000008c                htim1
 .bss.htim2     0x200000d8       0x4c ./Core/Src/main.o
                0x200000d8                htim2
 .bss.htim3     0x20000124       0x4c ./Core/Src/main.o
                0x20000124                htim3
 .bss.htim4     0x20000170       0x4c ./Core/Src/main.o
                0x20000170                htim4
 .bss.uwTick    0x200001bc        0x4 ./Drivers/STM32F7xx_HAL_Driver/Src/stm32f7xx_hal.o
                0x200001bc                uwTick
 *(COMMON)
                0x200001c0                        . = ALIGN (0x4)
                0x200001c0                        _ebss = .
                0x200001c0                        __bss_end__ = _ebss

._user_heap_stack
                0x200001c0      0x600 load address 0x08002998
                0x200001c0                        . = ALIGN (0x8)
                [!provide]                        PROVIDE (end = .)
                0x200001c0                        PROVIDE (_end = .)
                0x200003c0                        . = (. + _Min_Heap_Size)
 *fill*         0x200001c0      0x200 
                0x200007c0                        . = (. + _Min_Stack_Size)
 *fill*         0x200003c0      0x400 
                0x200007c0                        . = ALIGN (0x8)

/DISCARD/
 libc.a(*)
 libm.a(*)
 libgcc.a(*)

.ARM.attributes
                0x00000000       0x30
 *(.ARM.attributes)
 .ARM.attributes
                0x00000000       0x22 /opt/st/stm32cubeide_1.16.0/plugins/com.st.stm32cube.ide.mcu.externaltools.gnu-tools-for-stm32.12.3.rel1.linux64_1.0.200.202406132123/tools/bin/../lib/gcc/arm-none-eabi/12.3.1/thumb/v7e-m+fp/hard/crti.o
 .ARM.attributes
                0x00000022       0x34 /opt/st/stm32cubeide_1.16.0/plugins/com.st.stm32cube.ide.mcu.externaltools.gnu-tools-for-stm32.12.3.rel1.linux64_1.0.200.202406132123/tools/bin/../lib/gcc/arm-none-eabi/12.3.1/thumb/v7e-m+fp/hard/crtbegin.o
 .ARM.attributes
                0x00000056       0x34 ./Core/Src/main.o
 .ARM.attributes
                0x0000008a       0x34 ./Core/Src/stm32f7xx_hal_msp.o
 .ARM.attributes
                0x000000be       0x34 ./Core/Src/stm32f7xx_it.o
 .ARM.attributes
                0x000000f2       0x34 ./Core/Src/system_stm32f7xx.o
 .ARM.attributes
                0x00000126       0x21 ./Core/Startup/startup_stm32f746zgtx.o
 .ARM.attributes
                0x00000147       0x34 ./Drivers/STM32F7xx_HAL_Driver/Src/stm32f7xx_hal.o
 .ARM.attributes
                0x0000017b       0x34 ./Drivers/STM32F7xx_HAL_Driver/Src/stm32f7xx_hal_cortex.o
 .ARM.attributes
                0x000001af       0x34 ./Drivers/STM32F7xx_HAL_Driver/Src/stm32f7xx_hal_dma.o
 .ARM.attributes
                0x000001e3       0x34 ./Drivers/STM32F7xx_HAL_Driver/Src/stm32f7xx_hal_gpio.o
 .ARM.attributes
                0x00000217       0x34 ./Drivers/STM32F7xx_HAL_Driver/Src/stm32f7xx_hal_pwr_ex.o
 .ARM.attributes
                0x0000024b       0x34 ./Drivers/STM32F7xx_HAL_Driver/Src/stm32f7xx_hal_rcc.o
 .ARM.attributes
                0x0000027f       0x34 ./Drivers/STM32F7xx_HAL_Driver/Src/stm32f7xx_hal_spi.o
 .ARM.attributes
                0x000002b3       0x34 ./Drivers/STM32F7xx_HAL_Driver/Src/stm32f7xx_hal_tim.o
 .ARM.attributes
                0x000002e7       0x34 ./Drivers/STM32F7xx_HAL_Driver/Src/stm32f7xx_hal_tim_ex.o
 .ARM.attributes
                0x0000031b       0x34 /opt/st/stm32cubeide_1.16.0/plugins/com.st.stm32cube.ide.mcu.externaltools.gnu-tools-for-stm32.12.3.rel1.linux64_1.0.200.202406132123/tools/bin/../lib/gcc/arm-none-eabi/12.3.1/../../../../arm-none-eabi/lib/thumb/v7e-m+fp/hard/libc_nano.a(libc_a-memset.o)
 .ARM.attributes
                0x0000034f       0x34 /opt/st/stm32cubeide_1.16.0/plugins/com.st.stm32cube.ide.mcu.externaltools.gnu-tools-for-stm32.12.3.rel1.linux64_1.0.200.202406132123/tools/bin/../lib/gcc/arm-none-eabi/12.3.1/../../../../arm-none-eabi/lib/thumb/v7e-m+fp/hard/libc_nano.a(libc_a-init.o)
 .ARM.attributes
                0x00000383       0x22 /opt/st/stm32cubeide_1.16.0/plugins/com.st.stm32cube.ide.mcu.externaltools.gnu-tools-for-stm32.12.3.rel1.linux64_1.0.200.202406132123/tools/bin/../lib/gcc/arm-none-eabi/12.3.1/thumb/v7e-m+fp/hard/libgcc.a(_aeabi_uldivmod.o)
 .ARM.attributes
                0x000003a5       0x34 /opt/st/stm32cubeide_1.16.0/plugins/com.st.stm32cube.ide.mcu.externaltools.gnu-tools-for-stm32.12.3.rel1.linux64_1.0.200.202406132123/tools/bin/../lib/gcc/arm-none-eabi/12.3.1/thumb/v7e-m+fp/hard/libgcc.a(_udivmoddi4.o)
 .ARM.attributes
                0x000003d9       0x22 /opt/st/stm32cubeide_1.16.0/plugins/com.st.stm32cube.ide.mcu.externaltools.gnu-tools-for-stm32.12.3.rel1.linux64_1.0.200.202406132123/tools/bin/../lib/gcc/arm-none-eabi/12.3.1/thumb/v7e-m+fp/hard/libgcc.a(_dvmd_tls.o)
 .ARM.attributes
                0x000003fb       0x22 /opt/st/stm32cubeide_1.16.0/plugins/com.st.stm32cube.ide.mcu.externaltools.gnu-tools-for-stm32.12.3.rel1.linux64_1.0.200.202406132123/tools/bin/../lib/gcc/arm-none-eabi/12.3.1/thumb/v7e-m+fp/hard/crtn.o
OUTPUT(joystick.elf elf32-littlearm)
LOAD linker stubs
LOAD /opt/st/stm32cubeide_1.16.0/plugins/com.st.stm32cube.ide.mcu.externaltools.gnu-tools-for-stm32.12.3.rel1.linux64_1.0.200.202406132123/tools/bin/../lib/gcc/arm-none-eabi/12.3.1/../../../../arm-none-eabi/lib/thumb/v7e-m+fp/hard/libc.a
LOAD /opt/st/stm32cubeide_1.16.0/plugins/com.st.stm32cube.ide.mcu.externaltools.gnu-tools-for-stm32.12.3.rel1.linux64_1.0.200.202406132123/tools/bin/../lib/gcc/arm-none-eabi/12.3.1/../../../../arm-none-eabi/lib/thumb/v7e-m+fp/hard/libm.a
LOAD /opt/st/stm32cubeide_1.16.0/plugins/com.st.stm32cube.ide.mcu.externaltools.gnu-tools-for-stm32.12.3.rel1.linux64_1.0.200.202406132123/tools/bin/../lib/gcc/arm-none-eabi/12.3.1/thumb/v7e-m+fp/hard/libgcc.a

.debug_info     0x00000000     0xc6eb
 .debug_info    0x00000000     0x122f ./Core/Src/main.o
 .debug_info    0x0000122f     0x1143 ./Core/Src/stm32f7xx_hal_msp.o
 .debug_info    0x00002372      0xa7c ./Core/Src/stm32f7xx_it.o
 .debug_info    0x00002dee      0x6ed ./Core/Src/system_stm32f7xx.o
 .debug_info    0x000034db       0x30 ./Core/Startup/startup_stm32f746zgtx.o
 .debug_info    0x0000350b      0x9d8 ./Drivers/STM32F7xx_HAL_Driver/Src/stm32f7xx_hal.o
 .debug_info    0x00003ee3      0xf7e ./Drivers/STM32F7xx_HAL_Driver/Src/stm32f7xx_hal_cortex.o
 .debug_info    0x00004e61      0x8e7 ./Drivers/STM32F7xx_HAL_Driver/Src/stm32f7xx_hal_dma.o
 .debug_info    0x00005748      0x6e7 ./Drivers/STM32F7xx_HAL_Driver/Src/stm32f7xx_hal_gpio.o
 .debug_info    0x00005e2f      0x8cd ./Drivers/STM32F7xx_HAL_Driver/Src/stm32f7xx_hal_pwr_ex.o
 .debug_info    0x000066fc      0x8dc ./Drivers/STM32F7xx_HAL_Driver/Src/stm32f7xx_hal_rcc.o
 .debug_info    0x00006fd8     0x169b ./Drivers/STM32F7xx_HAL_Driver/Src/stm32f7xx_hal_spi.o
 .debug_info    0x00008673     0x2abd ./Drivers/STM32F7xx_HAL_Driver/Src/stm32f7xx_hal_tim.o
 .debug_info    0x0000b130     0x15bb ./Drivers/STM32F7xx_HAL_Driver/Src/stm32f7xx_hal_tim_ex.o

.debug_abbrev   0x00000000     0x1ce9
 .debug_abbrev  0x00000000      0x289 ./Core/Src/main.o
 .debug_abbrev  0x00000289      0x217 ./Core/Src/stm32f7xx_hal_msp.o
 .debug_abbrev  0x000004a0      0x1c0 ./Core/Src/stm32f7xx_it.o
 .debug_abbrev  0x00000660      0x13b ./Core/Src/system_stm32f7xx.o
 .debug_abbrev  0x0000079b       0x24 ./Core/Startup/startup_stm32f746zgtx.o
 .debug_abbrev  0x000007bf      0x213 ./Drivers/STM32F7xx_HAL_Driver/Src/stm32f7xx_hal.o
 .debug_abbrev  0x000009d2      0x31e ./Drivers/STM32F7xx_HAL_Driver/Src/stm32f7xx_hal_cortex.o
 .debug_abbrev  0x00000cf0      0x264 ./Drivers/STM32F7xx_HAL_Driver/Src/stm32f7xx_hal_dma.o
 .debug_abbrev  0x00000f54      0x1d4 ./Drivers/STM32F7xx_HAL_Driver/Src/stm32f7xx_hal_gpio.o
 .debug_abbrev  0x00001128      0x1d5 ./Drivers/STM32F7xx_HAL_Driver/Src/stm32f7xx_hal_pwr_ex.o
 .debug_abbrev  0x000012fd      0x288 ./Drivers/STM32F7xx_HAL_Driver/Src/stm32f7xx_hal_rcc.o
 .debug_abbrev  0x00001585      0x269 ./Drivers/STM32F7xx_HAL_Driver/Src/stm32f7xx_hal_spi.o
 .debug_abbrev  0x000017ee      0x278 ./Drivers/STM32F7xx_HAL_Driver/Src/stm32f7xx_hal_tim.o
 .debug_abbrev  0x00001a66      0x283 ./Drivers/STM32F7xx_HAL_Driver/Src/stm32f7xx_hal_tim_ex.o

.debug_aranges  0x00000000      0xcc0
 .debug_aranges
                0x00000000       0x60 ./Core/Src/main.o
 .debug_aranges
                0x00000060       0x40 ./Core/Src/stm32f7xx_hal_msp.o
 .debug_aranges
                0x000000a0       0x88 ./Core/Src/stm32f7xx_it.o
 .debug_aranges
                0x00000128       0x28 ./Core/Src/system_stm32f7xx.o
 .debug_aranges
                0x00000150       0x28 ./Core/Startup/startup_stm32f746zgtx.o
 .debug_aranges
                0x00000178      0x100 ./Drivers/STM32F7xx_HAL_Driver/Src/stm32f7xx_hal.o
 .debug_aranges
                0x00000278      0x128 ./Drivers/STM32F7xx_HAL_Driver/Src/stm32f7xx_hal_cortex.o
 .debug_aranges
                0x000003a0       0x90 ./Drivers/STM32F7xx_HAL_Driver/Src/stm32f7xx_hal_dma.o
 .debug_aranges
                0x00000430       0x58 ./Drivers/STM32F7xx_HAL_Driver/Src/stm32f7xx_hal_gpio.o
 .debug_aranges
                0x00000488       0x80 ./Drivers/STM32F7xx_HAL_Driver/Src/stm32f7xx_hal_pwr_ex.o
 .debug_aranges
                0x00000508       0x88 ./Drivers/STM32F7xx_HAL_Driver/Src/stm32f7xx_hal_rcc.o
 .debug_aranges
                0x00000590      0x1d8 ./Drivers/STM32F7xx_HAL_Driver/Src/stm32f7xx_hal_spi.o
 .debug_aranges
                0x00000768      0x3e0 ./Drivers/STM32F7xx_HAL_Driver/Src/stm32f7xx_hal_tim.o
 .debug_aranges
                0x00000b48      0x178 ./Drivers/STM32F7xx_HAL_Driver/Src/stm32f7xx_hal_tim_ex.o

.debug_rnglists
                0x00000000      0x9e6
 .debug_rnglists
                0x00000000       0x49 ./Core/Src/main.o
 .debug_rnglists
                0x00000049       0x2e ./Core/Src/stm32f7xx_hal_msp.o
 .debug_rnglists
                0x00000077       0x61 ./Core/Src/stm32f7xx_it.o
 .debug_rnglists
                0x000000d8       0x1a ./Core/Src/system_stm32f7xx.o
 .debug_rnglists
                0x000000f2       0x19 ./Core/Startup/startup_stm32f746zgtx.o
 .debug_rnglists
                0x0000010b       0xbb ./Drivers/STM32F7xx_HAL_Driver/Src/stm32f7xx_hal.o
 .debug_rnglists
                0x000001c6       0xda ./Drivers/STM32F7xx_HAL_Driver/Src/stm32f7xx_hal_cortex.o
 .debug_rnglists
                0x000002a0       0x70 ./Drivers/STM32F7xx_HAL_Driver/Src/stm32f7xx_hal_dma.o
 .debug_rnglists
                0x00000310       0x3f ./Drivers/STM32F7xx_HAL_Driver/Src/stm32f7xx_hal_gpio.o
 .debug_rnglists
                0x0000034f       0x5f ./Drivers/STM32F7xx_HAL_Driver/Src/stm32f7xx_hal_pwr_ex.o
 .debug_rnglists
                0x000003ae       0x67 ./Drivers/STM32F7xx_HAL_Driver/Src/stm32f7xx_hal_rcc.o
 .debug_rnglists
                0x00000415      0x178 ./Drivers/STM32F7xx_HAL_Driver/Src/stm32f7xx_hal_spi.o
 .debug_rnglists
                0x0000058d      0x328 ./Drivers/STM32F7xx_HAL_Driver/Src/stm32f7xx_hal_tim.o
 .debug_rnglists
                0x000008b5      0x131 ./Drivers/STM32F7xx_HAL_Driver/Src/stm32f7xx_hal_tim_ex.o

.debug_macro    0x00000000    0x24eb0
 .debug_macro   0x00000000      0x1f2 ./Core/Src/main.o
 .debug_macro   0x000001f2      0xab4 ./Core/Src/main.o
 .debug_macro   0x00000ca6      0x293 ./Core/Src/main.o
 .debug_macro   0x00000f39       0x2e ./Core/Src/main.o
 .debug_macro   0x00000f67       0x3b ./Core/Src/main.o
 .debug_macro   0x00000fa2       0x22 ./Core/Src/main.o
 .debug_macro   0x00000fc4       0x8e ./Core/Src/main.o
 .debug_macro   0x00001052       0x51 ./Core/Src/main.o
 .debug_macro   0x000010a3      0x103 ./Core/Src/main.o
 .debug_macro   0x000011a6       0x6a ./Core/Src/main.o
 .debug_macro   0x00001210      0x1df ./Core/Src/main.o
 .debug_macro   0x000013ef       0x1c ./Core/Src/main.o
 .debug_macro   0x0000140b       0x22 ./Core/Src/main.o
 .debug_macro   0x0000142d       0xd9 ./Core/Src/main.o
 .debug_macro   0x00001506     0x12cd ./Core/Src/main.o
 .debug_macro   0x000027d3      0x11f ./Core/Src/main.o
 .debug_macro   0x000028f2       0x19 ./Core/Src/main.o
 .debug_macro   0x0000290b    0x19222 ./Core/Src/main.o
 .debug_macro   0x0001bb2d       0x6d ./Core/Src/main.o
 .debug_macro   0x0001bb9a     0x3765 ./Core/Src/main.o
 .debug_macro   0x0001f2ff      0x189 ./Core/Src/main.o
 .debug_macro   0x0001f488       0x63 ./Core/Src/main.o
 .debug_macro   0x0001f4eb     0x18ad ./Core/Src/main.o
 .debug_macro   0x00020d98      0x6c4 ./Core/Src/main.o
 .debug_macro   0x0002145c      0x185 ./Core/Src/main.o
 .debug_macro   0x000215e1      0x115 ./Core/Src/main.o
 .debug_macro   0x000216f6      0x1fd ./Core/Src/main.o
 .debug_macro   0x000218f3       0xa5 ./Core/Src/main.o
 .debug_macro   0x00021998      0x24f ./Core/Src/main.o
 .debug_macro   0x00021be7       0x41 ./Core/Src/main.o
 .debug_macro   0x00021c28       0x58 ./Core/Src/main.o
 .debug_macro   0x00021c80      0x236 ./Core/Src/main.o
 .debug_macro   0x00021eb6      0x14e ./Core/Src/main.o
 .debug_macro   0x00022004      0x25a ./Core/Src/main.o
 .debug_macro   0x0002225e       0x12 ./Core/Src/main.o
 .debug_macro   0x00022270      0x22c ./Core/Src/main.o
 .debug_macro   0x0002249c       0x61 ./Core/Src/main.o
 .debug_macro   0x000224fd       0xa5 ./Core/Src/main.o
 .debug_macro   0x000225a2      0x12e ./Core/Src/main.o
 .debug_macro   0x000226d0      0x108 ./Core/Src/main.o
 .debug_macro   0x000227d8       0x35 ./Core/Src/main.o
 .debug_macro   0x0002280d      0x2fe ./Core/Src/main.o
 .debug_macro   0x00022b0b      0xa83 ./Core/Src/main.o
 .debug_macro   0x0002358e       0x59 ./Core/Src/main.o
 .debug_macro   0x000235e7      0x14d ./Core/Src/main.o
 .debug_macro   0x00023734       0x34 ./Core/Src/main.o
 .debug_macro   0x00023768      0x1f2 ./Core/Src/stm32f7xx_hal_msp.o
 .debug_macro   0x0002395a      0x1fc ./Core/Src/stm32f7xx_it.o
 .debug_macro   0x00023b56      0x1e3 ./Core/Src/system_stm32f7xx.o
 .debug_macro   0x00023d39      0x207 ./Drivers/STM32F7xx_HAL_Driver/Src/stm32f7xx_hal.o
 .debug_macro   0x00023f40      0x1e3 ./Drivers/STM32F7xx_HAL_Driver/Src/stm32f7xx_hal_cortex.o
 .debug_macro   0x00024123      0x1e9 ./Drivers/STM32F7xx_HAL_Driver/Src/stm32f7xx_hal_dma.o
 .debug_macro   0x0002430c      0x1e9 ./Drivers/STM32F7xx_HAL_Driver/Src/stm32f7xx_hal_gpio.o
 .debug_macro   0x000244f5      0x1fb ./Drivers/STM32F7xx_HAL_Driver/Src/stm32f7xx_hal_pwr_ex.o
 .debug_macro   0x000246f0      0x207 ./Drivers/STM32F7xx_HAL_Driver/Src/stm32f7xx_hal_rcc.o
 .debug_macro   0x000248f7      0x1f2 ./Drivers/STM32F7xx_HAL_Driver/Src/stm32f7xx_hal_spi.o
 .debug_macro   0x00024ae9      0x1e4 ./Drivers/STM32F7xx_HAL_Driver/Src/stm32f7xx_hal_tim.o
 .debug_macro   0x00024ccd      0x1e3 ./Drivers/STM32F7xx_HAL_Driver/Src/stm32f7xx_hal_tim_ex.o

.debug_line     0x00000000     0xe063
 .debug_line    0x00000000      0x938 ./Core/Src/main.o
 .debug_line    0x00000938      0x811 ./Core/Src/stm32f7xx_hal_msp.o
 .debug_line    0x00001149      0x7f7 ./Core/Src/stm32f7xx_it.o
 .debug_line    0x00001940      0x73f ./Core/Src/system_stm32f7xx.o
 .debug_line    0x0000207f       0x7a ./Core/Startup/startup_stm32f746zgtx.o
 .debug_line    0x000020f9      0x9df ./Drivers/STM32F7xx_HAL_Driver/Src/stm32f7xx_hal.o
 .debug_line    0x00002ad8      0xc81 ./Drivers/STM32F7xx_HAL_Driver/Src/stm32f7xx_hal_cortex.o
 .debug_line    0x00003759      0xf2e ./Drivers/STM32F7xx_HAL_Driver/Src/stm32f7xx_hal_dma.o
 .debug_line    0x00004687      0xb65 ./Drivers/STM32F7xx_HAL_Driver/Src/stm32f7xx_hal_gpio.o
 .debug_line    0x000051ec      0x963 ./Drivers/STM32F7xx_HAL_Driver/Src/stm32f7xx_hal_pwr_ex.o
 .debug_line    0x00005b4f      0xe10 ./Drivers/STM32F7xx_HAL_Driver/Src/stm32f7xx_hal_rcc.o
 .debug_line    0x0000695f     0x1fa9 ./Drivers/STM32F7xx_HAL_Driver/Src/stm32f7xx_hal_spi.o
 .debug_line    0x00008908     0x3c99 ./Drivers/STM32F7xx_HAL_Driver/Src/stm32f7xx_hal_tim.o
 .debug_line    0x0000c5a1     0x1ac2 ./Drivers/STM32F7xx_HAL_Driver/Src/stm32f7xx_hal_tim_ex.o

.debug_str      0x00000000    0xe940a
 .debug_str     0x00000000    0xe625b ./Core/Src/main.o
                              0xe6a21 (size before relaxing)
 .debug_str     0x000e625b      0x676 ./Core/Src/stm32f7xx_hal_msp.o
                              0xe6ce5 (size before relaxing)
 .debug_str     0x000e68d1      0x142 ./Core/Src/stm32f7xx_it.o
                              0xe6624 (size before relaxing)
 .debug_str     0x000e6a13      0x1a4 ./Core/Src/system_stm32f7xx.o
                              0xe5f51 (size before relaxing)
 .debug_str     0x000e6bb7       0x44 ./Core/Startup/startup_stm32f746zgtx.o
                                 0x69 (size before relaxing)
 .debug_str     0x000e6bfb      0x40c ./Drivers/STM32F7xx_HAL_Driver/Src/stm32f7xx_hal.o
                              0xe68ba (size before relaxing)
 .debug_str     0x000e7007      0x354 ./Drivers/STM32F7xx_HAL_Driver/Src/stm32f7xx_hal_cortex.o
                              0xe68d7 (size before relaxing)
 .debug_str     0x000e735b      0x320 ./Drivers/STM32F7xx_HAL_Driver/Src/stm32f7xx_hal_dma.o
                              0xe6290 (size before relaxing)
 .debug_str     0x000e767b      0x10a ./Drivers/STM32F7xx_HAL_Driver/Src/stm32f7xx_hal_gpio.o
                              0xe600f (size before relaxing)
 .debug_str     0x000e7785      0x1d1 ./Drivers/STM32F7xx_HAL_Driver/Src/stm32f7xx_hal_pwr_ex.o
                              0xe61c0 (size before relaxing)
 .debug_str     0x000e7956      0x252 ./Drivers/STM32F7xx_HAL_Driver/Src/stm32f7xx_hal_rcc.o
                              0xe62b3 (size before relaxing)
 .debug_str     0x000e7ba8      0x59b ./Drivers/STM32F7xx_HAL_Driver/Src/stm32f7xx_hal_spi.o
                              0xe6791 (size before relaxing)
 .debug_str     0x000e8143      0xdeb ./Drivers/STM32F7xx_HAL_Driver/Src/stm32f7xx_hal_tim.o
                              0xe7274 (size before relaxing)
 .debug_str     0x000e8f2e      0x4dc ./Drivers/STM32F7xx_HAL_Driver/Src/stm32f7xx_hal_tim_ex.o
                              0xe6aba (size before relaxing)

.comment        0x00000000       0x43
 .comment       0x00000000       0x43 ./Core/Src/main.o
                                 0x44 (size before relaxing)
 .comment       0x00000043       0x44 ./Core/Src/stm32f7xx_hal_msp.o
 .comment       0x00000043       0x44 ./Core/Src/stm32f7xx_it.o
 .comment       0x00000043       0x44 ./Core/Src/system_stm32f7xx.o
 .comment       0x00000043       0x44 ./Drivers/STM32F7xx_HAL_Driver/Src/stm32f7xx_hal.o
 .comment       0x00000043       0x44 ./Drivers/STM32F7xx_HAL_Driver/Src/stm32f7xx_hal_cortex.o
 .comment       0x00000043       0x44 ./Drivers/STM32F7xx_HAL_Driver/Src/stm32f7xx_hal_dma.o
 .comment       0x00000043       0x44 ./Drivers/STM32F7xx_HAL_Driver/Src/stm32f7xx_hal_gpio.o
 .comment       0x00000043       0x44 ./Drivers/STM32F7xx_HAL_Driver/Src/stm32f7xx_hal_pwr_ex.o
 .comment       0x00000043       0x44 ./Drivers/STM32F7xx_HAL_Driver/Src/stm32f7xx_hal_rcc.o
 .comment       0x00000043       0x44 ./Drivers/STM32F7xx_HAL_Driver/Src/stm32f7xx_hal_spi.o
 .comment       0x00000043       0x44 ./Drivers/STM32F7xx_HAL_Driver/Src/stm32f7xx_hal_tim.o
 .comment       0x00000043       0x44 ./Drivers/STM32F7xx_HAL_Driver/Src/stm32f7xx_hal_tim_ex.o

.debug_frame    0x00000000     0x3590
 .debug_frame   0x00000000      0x138 ./Core/Src/main.o
 .debug_frame   0x00000138       0xc8 ./Core/Src/stm32f7xx_hal_msp.o
 .debug_frame   0x00000200      0x190 ./Core/Src/stm32f7xx_it.o
 .debug_frame   0x00000390       0x58 ./Core/Src/system_stm32f7xx.o
 .debug_frame   0x000003e8      0x3b4 ./Drivers/STM32F7xx_HAL_Driver/Src/stm32f7xx_hal.o
 .debug_frame   0x0000079c      0x4e8 ./Drivers/STM32F7xx_HAL_Driver/Src/stm32f7xx_hal_cortex.o
 .debug_frame   0x00000c84      0x250 ./Drivers/STM32F7xx_HAL_Driver/Src/stm32f7xx_hal_dma.o
 .debug_frame   0x00000ed4      0x14c ./Drivers/STM32F7xx_HAL_Driver/Src/stm32f7xx_hal_gpio.o
 .debug_frame   0x00001020      0x1c8 ./Drivers/STM32F7xx_HAL_Driver/Src/stm32f7xx_hal_pwr_ex.o
 .debug_frame   0x000011e8      0x1f8 ./Drivers/STM32F7xx_HAL_Driver/Src/stm32f7xx_hal_rcc.o
 .debug_frame   0x000013e0      0x860 ./Drivers/STM32F7xx_HAL_Driver/Src/stm32f7xx_hal_spi.o
 .debug_frame   0x00001c40     0x121c ./Drivers/STM32F7xx_HAL_Driver/Src/stm32f7xx_hal_tim.o
 .debug_frame   0x00002e5c      0x688 ./Drivers/STM32F7xx_HAL_Driver/Src/stm32f7xx_hal_tim_ex.o
 .debug_frame   0x000034e4       0x20 /opt/st/stm32cubeide_1.16.0/plugins/com.st.stm32cube.ide.mcu.externaltools.gnu-tools-for-stm32.12.3.rel1.linux64_1.0.200.202406132123/tools/bin/../lib/gcc/arm-none-eabi/12.3.1/../../../../arm-none-eabi/lib/thumb/v7e-m+fp/hard/libc_nano.a(libc_a-memset.o)
 .debug_frame   0x00003504       0x2c /opt/st/stm32cubeide_1.16.0/plugins/com.st.stm32cube.ide.mcu.externaltools.gnu-tools-for-stm32.12.3.rel1.linux64_1.0.200.202406132123/tools/bin/../lib/gcc/arm-none-eabi/12.3.1/../../../../arm-none-eabi/lib/thumb/v7e-m+fp/hard/libc_nano.a(libc_a-init.o)
 .debug_frame   0x00003530       0x2c /opt/st/stm32cubeide_1.16.0/plugins/com.st.stm32cube.ide.mcu.externaltools.gnu-tools-for-stm32.12.3.rel1.linux64_1.0.200.202406132123/tools/bin/../lib/gcc/arm-none-eabi/12.3.1/thumb/v7e-m+fp/hard/libgcc.a(_aeabi_uldivmod.o)
 .debug_frame   0x0000355c       0x34 /opt/st/stm32cubeide_1.16.0/plugins/com.st.stm32cube.ide.mcu.externaltools.gnu-tools-for-stm32.12.3.rel1.linux64_1.0.200.202406132123/tools/bin/../lib/gcc/arm-none-eabi/12.3.1/thumb/v7e-m+fp/hard/libgcc.a(_udivmoddi4.o)

.debug_line_str
                0x00000000       0x4d
 .debug_line_str
                0x00000000       0x4d ./Core/Startup/startup_stm32f746zgtx.o
